Component: ARM Compiler 5.05 update 1 (build 106) Tool: armlink [4d0efa]

==============================================================================

Section Cross References

    main.o(i.main) refers to _printf_percent.o(.ARM.Collect$$_printf_percent$$00000000) for _printf_percent
    main.o(i.main) refers to _printf_f.o(.ARM.Collect$$_printf_percent$$00000003) for _printf_f
    main.o(i.main) refers to printf1.o(x$fpl$printf1) for _printf_fp_dec
    main.o(i.main) refers to _printf_d.o(.ARM.Collect$$_printf_percent$$00000009) for _printf_d
    main.o(i.main) refers to _printf_dec.o(.text) for _printf_int_dec
    main.o(i.main) refers to misc.o(i.NVIC_PriorityGroupConfig) for NVIC_PriorityGroupConfig
    main.o(i.main) refers to delay.o(i.delay_init) for delay_init
    main.o(i.main) refers to usart.o(i.uart1_init) for uart1_init
    main.o(i.main) refers to usart.o(i.uart2_init) for uart2_init
    main.o(i.main) refers to usart.o(i.uart3_init) for uart3_init
    main.o(i.main) refers to coder.o(i.coder_init) for coder_init
    main.o(i.main) refers to step_motor.o(i.motordir_Init) for motordir_Init
    main.o(i.main) refers to faststop.o(i.FASTSTOP_Init) for FASTSTOP_Init
    main.o(i.main) refers to faststop.o(i.KEY_Init) for KEY_Init
    main.o(i.main) refers to pwm.o(i.Initial_PWM_Motor1) for Initial_PWM_Motor1
    main.o(i.main) refers to pwm.o(i.Initial_PWM_Motor2) for Initial_PWM_Motor2
    main.o(i.main) refers to pwm.o(i.Initial_PWM_Motor3) for Initial_PWM_Motor3
    main.o(i.main) refers to coder.o(i.coder1) for coder1
    main.o(i.main) refers to coder.o(i.coder2) for coder2
    main.o(i.main) refers to coder.o(i.coder3) for coder3
    main.o(i.main) refers to step_motor.o(i.movetocoordinate) for movetocoordinate
    main.o(i.main) refers to usart.o(i.readusart) for readusart
    main.o(i.main) refers to noretval__2printf.o(.text) for __2printf
    main.o(i.main) refers to dflt_clz.o(x$fpl$dflt) for __aeabi_i2d
    main.o(i.main) refers to delay.o(i.delay_ms) for delay_ms
    main.o(i.main) refers to stm32f10x_gpio.o(i.GPIO_ResetBits) for GPIO_ResetBits
    main.o(i.main) refers to stm32f10x_usart.o(i.USART_SendData) for USART_SendData
    main.o(i.main) refers to stm32f10x_usart.o(i.USART_GetFlagStatus) for USART_GetFlagStatus
    main.o(i.main) refers to step_motor.o(.data) for nowx
    main.o(i.main) refers to usart.o(.data) for USART2_RX_STAx
    main.o(i.main) refers to usart.o(.bss) for USART1_RX_BUF
    main.o(i.main) refers to main.o(.data) for w1
    system_stm32f10x.o(i.SetSysClock) refers to system_stm32f10x.o(i.SetSysClockTo72) for SetSysClockTo72
    system_stm32f10x.o(i.SystemCoreClockUpdate) refers to system_stm32f10x.o(.data) for SystemCoreClock
    system_stm32f10x.o(i.SystemInit) refers to system_stm32f10x.o(i.SetSysClock) for SetSysClock
    startup_stm32f10x_hd.o(STACK) refers (Special) to heapauxi.o(.text) for __use_two_region_memory
    startup_stm32f10x_hd.o(HEAP) refers (Special) to heapauxi.o(.text) for __use_two_region_memory
    startup_stm32f10x_hd.o(RESET) refers (Special) to heapauxi.o(.text) for __use_two_region_memory
    startup_stm32f10x_hd.o(RESET) refers to startup_stm32f10x_hd.o(STACK) for __initial_sp
    startup_stm32f10x_hd.o(RESET) refers to startup_stm32f10x_hd.o(.text) for Reset_Handler
    startup_stm32f10x_hd.o(RESET) refers to stm32f10x_it.o(i.NMI_Handler) for NMI_Handler
    startup_stm32f10x_hd.o(RESET) refers to stm32f10x_it.o(i.HardFault_Handler) for HardFault_Handler
    startup_stm32f10x_hd.o(RESET) refers to stm32f10x_it.o(i.MemManage_Handler) for MemManage_Handler
    startup_stm32f10x_hd.o(RESET) refers to stm32f10x_it.o(i.BusFault_Handler) for BusFault_Handler
    startup_stm32f10x_hd.o(RESET) refers to stm32f10x_it.o(i.UsageFault_Handler) for UsageFault_Handler
    startup_stm32f10x_hd.o(RESET) refers to stm32f10x_it.o(i.SVC_Handler) for SVC_Handler
    startup_stm32f10x_hd.o(RESET) refers to stm32f10x_it.o(i.DebugMon_Handler) for DebugMon_Handler
    startup_stm32f10x_hd.o(RESET) refers to stm32f10x_it.o(i.PendSV_Handler) for PendSV_Handler
    startup_stm32f10x_hd.o(RESET) refers to stm32f10x_it.o(i.SysTick_Handler) for SysTick_Handler
    startup_stm32f10x_hd.o(RESET) refers to faststop.o(i.EXTI2_IRQHandler) for EXTI2_IRQHandler
    startup_stm32f10x_hd.o(RESET) refers to step_motor.o(i.TIM4_IRQHandler) for TIM4_IRQHandler
    startup_stm32f10x_hd.o(RESET) refers to usart.o(i.USART1_IRQHandler) for USART1_IRQHandler
    startup_stm32f10x_hd.o(RESET) refers to usart.o(i.USART2_IRQHandler) for USART2_IRQHandler
    startup_stm32f10x_hd.o(RESET) refers to usart.o(i.USART3_IRQHandler) for USART3_IRQHandler
    startup_stm32f10x_hd.o(RESET) refers to step_motor.o(i.TIM8_UP_IRQHandler) for TIM8_UP_IRQHandler
    startup_stm32f10x_hd.o(RESET) refers to step_motor.o(i.TIM5_IRQHandler) for TIM5_IRQHandler
    startup_stm32f10x_hd.o(.text) refers (Special) to heapauxi.o(.text) for __use_two_region_memory
[...]
    ..\\SYSTEM\\sys\\sys.c                   0x00000000   Number         0  sys.o ABSOLUTE
    dc.s                                     0x00000000   Number         0  dc.o ABSOLUTE
    main.c                                   0x00000000   Number         0  main.o ABSOLUTE
    stm32f10x_it.c                           0x00000000   Number         0  stm32f10x_it.o ABSOLUTE
    system_stm32f10x.c                       0x00000000   Number         0  system_stm32f10x.o ABSOLUTE
    RESET                                    0x08000000   Section      304  startup_stm32f10x_hd.o(RESET)
    !!!main                                  0x08000130   Section        8  __main.o(!!!main)
    !!!scatter                               0x08000138   Section       52  __scatter.o(!!!scatter)
    !!handler_copy                           0x0800016c   Section       26  __scatter_copy.o(!!handler_copy)
    !!handler_zi                             0x08000188   Section       28  __scatter_zi.o(!!handler_zi)
    .ARM.Collect$$_printf_percent$$00000000  0x080001a4   Section        0  _printf_percent.o(.ARM.Collect$$_printf_percent$$00000000)
    .ARM.Collect$$_printf_percent$$00000003  0x080001a4   Section        6  _printf_f.o(.ARM.Collect$$_printf_percent$$00000003)
    .ARM.Collect$$_printf_percent$$00000009  0x080001aa   Section        6  _printf_d.o(.ARM.Collect$$_printf_percent$$00000009)
    .ARM.Collect$$_printf_percent$$00000017  0x080001b0   Section        4  _printf_percent_end.o(.ARM.Collect$$_printf_percent$$00000017)
    .ARM.Collect$$libinit$$00000000          0x080001b4   Section        2  libinit.o(.ARM.Collect$$libinit$$00000000)
    .ARM.Collect$$libinit$$00000002          0x080001b6   Section        0  libinit2.o(.ARM.Collect$$libinit$$00000002)
    .ARM.Collect$$libinit$$00000004          0x080001b6   Section        0  libinit2.o(.ARM.Collect$$libinit$$00000004)
    .ARM.Collect$$libinit$$0000000A          0x080001b6   Section        0  libinit2.o(.ARM.Collect$$libinit$$0000000A)
    .ARM.Collect$$libinit$$0000000C          0x080001b6   Section        0  libinit2.o(.ARM.Collect$$libinit$$0000000C)
    .ARM.Collect$$libinit$$0000000E          0x080001b6   Section        0  libinit2.o(.ARM.Collect$$libinit$$0000000E)
    .ARM.Collect$$libinit$$0000000F          0x080001b6   Section        6  libinit2.o(.ARM.Collect$$libinit$$0000000F)
    .ARM.Collect$$libinit$$00000011          0x080001bc   Section        0  libinit2.o(.ARM.Collect$$libinit$$00000011)
    .ARM.Collect$$libinit$$00000013          0x080001bc   Section        0  libinit2.o(.ARM.Collect$$libinit$$00000013)
    .ARM.Collect$$libinit$$00000015          0x080001bc   Section        0  libinit2.o(.ARM.Collect$$libinit$$00000015)
    .ARM.Collect$$libinit$$00000016          0x080001bc   Section       10  libinit2.o(.ARM.Collect$$libinit$$00000016)
    .ARM.Collect$$libinit$$00000017          0x080001c6   Section        0  libinit2.o(.ARM.Collect$$libinit$$00000017)
    .ARM.Collect$$libinit$$00000019          0x080001c6   Section        0  libinit2.o(.ARM.Collect$$libinit$$00000019)
    .ARM.Collect$$libinit$$0000001B          0x080001c6   Section        0  libinit2.o(.ARM.Collect$$libinit$$0000001B)
    .ARM.Collect$$libinit$$0000001D          0x080001c6   Section        0  libinit2.o(.ARM.Collect$$libinit$$0000001D)
    .ARM.Collect$$libinit$$0000001F          0x080001c6   Section        0  libinit2.o(.ARM.Collect$$libinit$$0000001F)
    .ARM.Collect$$libinit$$00000021          0x080001c6   Section        0  libinit2.o(.ARM.Collect$$libinit$$00000021)
    .ARM.Collect$$libinit$$00000023          0x080001c6   Section        0  libinit2.o(.ARM.Collect$$libinit$$00000023)
    .ARM.Collect$$libinit$$00000025          0x080001c6   Section        0  libinit2.o(.ARM.Collect$$libinit$$00000025)
    .ARM.Collect$$libinit$$0000002C          0x080001c6   Section        0  libinit2.o(.ARM.Collect$$libinit$$0000002C)
    .ARM.Collect$$libinit$$0000002E          0x080001c6   Section        0  libinit2.o(.ARM.Collect$$libinit$$0000002E)
    .ARM.Collect$$libinit$$00000030          0x080001c6   Section        0  libinit2.o(.ARM.Collect$$libinit$$00000030)
    .ARM.Collect$$libinit$$00000032          0x080001c6   Section        0  libinit2.o(.ARM.Collect$$libinit$$00000032)
    .ARM.Collect$$libinit$$00000033          0x080001c6   Section        2  libinit2.o(.ARM.Collect$$libinit$$00000033)
    .ARM.Collect$$libshutdown$$00000000      0x080001c8   Section        2  libshutdown.o(.ARM.Collect$$libshutdown$$00000000)
    .ARM.Collect$$libshutdown$$00000003      0x080001ca   Section        0  libshutdown2.o(.ARM.Collect$$libshutdown$$00000003)
    .ARM.Collect$$libshutdown$$00000006      0x080001ca   Section        0  libshutdown2.o(.ARM.Collect$$libshutdown$$00000006)
    .ARM.Collect$$libshutdown$$00000009      0x080001ca   Section        0  libshutdown2.o(.ARM.Collect$$libshutdown$$00000009)
    .ARM.Collect$$libshutdown$$0000000B      0x080001ca   Section        0  libshutdown2.o(.ARM.Collect$$libshutdown$$0000000B)
    .ARM.Collect$$libshutdown$$0000000E      0x080001ca   Section        0  libshutdown2.o(.ARM.Collect$$libshutdown$$0000000E)
    .ARM.Collect$$libshutdown$$0000000F      0x080001ca   Section        2  libshutdown2.o(.ARM.Collect$$libshutdown$$0000000F)
    .ARM.Collect$$rtentry$$00000000          0x080001cc   Section        0  __rtentry.o(.ARM.Collect$$rtentry$$00000000)
    .ARM.Collect$$rtentry$$00000002          0x080001cc   Section        0  __rtentry2.o(.ARM.Collect$$rtentry$$00000002)
    .ARM.Collect$$rtentry$$00000004          0x080001cc   Section        6  __rtentry4.o(.ARM.Collect$$rtentry$$00000004)
    .ARM.Collect$$rtentry$$00000009          0x080001d2   Section        0  __rtentry2.o(.ARM.Collect$$rtentry$$00000009)
    .ARM.Collect$$rtentry$$0000000A          0x080001d2   Section        4  __rtentry2.o(.ARM.Collect$$rtentry$$0000000A)
    .ARM.Collect$$rtentry$$0000000C          0x080001d6   Section        0  __rtentry2.o(.ARM.Collect$$rtentry$$0000000C)
    .ARM.Collect$$rtentry$$0000000D          0x080001d6   Section        8  __rtentry2.o(.ARM.Collect$$rtentry$$0000000D)
    .ARM.Collect$$rtexit$$00000000           0x080001de   Section        2  rtexit.o(.ARM.Collect$$rtexit$$00000000)
    .ARM.Collect$$rtexit$$00000002           0x080001e0   Section        0  rtexit2.o(.ARM.Collect$$rtexit$$00000002)
    .ARM.Collect$$rtexit$$00000003           0x080001e0   Section        4  rtexit2.o(.ARM.Collect$$rtexit$$00000003)
    .ARM.Collect$$rtexit$$00000004           0x080001e4   Section        6  rtexit2.o(.ARM.Collect$$rtexit$$00000004)
    .text                                    0x080001ec   Section       64  startup_stm32f10x_hd.o(.text)
    .text                                    0x0800022c   Section        2  use_no_semi_2.o(.text)
    .text                                    0x08000230   Section        0  noretval__2printf.o(.text)
    .text                                    0x08000248   Section        0  _printf_dec.o(.text)
    .text                                    0x080002c0   Section        0  __printf_ss.o(.text)
    .text                                    0x08000378   Section        0  heapauxi.o(.text)
    .text                                    0x0800037e   Section        2  use_no_semi.o(.text)
    .text                                    0x08000380   Section        0  _rserrno.o(.text)
    .text                                    0x08000396   Section        0  _printf_intcommon.o(.text)
    .text                                    0x08000448   Section        0  _printf_fp_dec.o(.text)
    _fp_digits                               0x0800044b   Thumb Code   428  _printf_fp_dec.o(.text)
    .text                                    0x08000864   Section        0  _printf_char_file.o(.text)
    .text                                    0x08000888   Section        8  rt_locale_intlibspace.o(.text)
    .text                                    0x08000890   Section        8  rt_errno_addr_intlibspace.o(.text)
    .text                                    0x08000898   Section      138  lludiv10.o(.text)
    .text                                    0x08000924   Section        0  _printf_char_common.o(.text)
    _printf_input_char                       0x08000925   Thumb Code    10  _printf_char_common.o(.text)
    .text                                    0x08000954   Section        0  _printf_fp_infnan.o(.text)
    .text                                    0x080009d4   Section        0  bigflt0.o(.text)
    .text                                    0x08000ab0   Section        0  ferror.o(.text)
    .text                                    0x08000ab8   Section        8  libspace.o(.text)
    .text                                    0x08000ac0   Section       74  sys_stackheap_outer.o(.text)
    .text                                    0x08000b0a   Section        0  exit.o(.text)
    .text                                    0x08000b18   Section      128  strcmpv7m.o(.text)
    CL$$btod_d2e                             0x08000b98   Section       62  btod.o(CL$$btod_d2e)
    CL$$btod_d2e_denorm_low                  0x08000bd6   Section       70  btod.o(CL$$btod_d2e_denorm_low)
    CL$$btod_d2e_norm_op1                    0x08000c1c   Section       96  btod.o(CL$$btod_d2e_norm_op1)
    CL$$btod_div_common                      0x08000c7c   Section      824  btod.o(CL$$btod_div_common)
    CL$$btod_e2e                             0x08000fb4   Section      198  btod.o(CL$$btod_e2e)
    CL$$btod_ediv                            0x0800107a   Section       40  btod.o(CL$$btod_ediv)
    CL$$btod_emul                            0x080010a2   Section       40  btod.o(CL$$btod_emul)
    CL$$btod_mult_common                     0x080010ca   Section      580  btod.o(CL$$btod_mult_common)
    i.BusFault_Handler                       0x0800130e   Section        0  stm32f10x_it.o(i.BusFault_Handler)
    i.DebugMon_Handler                       0x08001312   Section        0  stm32f10x_it.o(i.DebugMon_Handler)
    i.Delay_SSI                              0x08001314   Section        0  coder.o(i.Delay_SSI)
    i.EXTI2_IRQHandler                       0x08001328   Section        0  faststop.o(i.EXTI2_IRQHandler)
    i.EXTI_ClearITPendingBit                 0x08001394   Section        0  stm32f10x_exti.o(i.EXTI_ClearITPendingBit)
    i.EXTI_Init                              0x080013a0   Section        0  stm32f10x_exti.o(i.EXTI_Init)
    i.FASTSTOP_Init                          0x08001434   Section        0  faststop.o(i.FASTSTOP_Init)
    i.GPIO_EXTILineConfig                    0x08001484   Section        0  stm32f10x_gpio.o(i.GPIO_EXTILineConfig)
    i.GPIO_Init                              0x080014c4   Section        0  stm32f10x_gpio.o(i.GPIO_Init)
    i.GPIO_ResetBits                         0x080015da   Section        0  stm32f10x_gpio.o(i.GPIO_ResetBits)
    i.GPIO_SetBits                           0x080015de   Section        0  stm32f10x_gpio.o(i.GPIO_SetBits)
    i.HardFault_Handler                      0x080015e2   Section        0  stm32f10x_it.o(i.HardFault_Handler)
    i.Initial_Motor1_SlaveTimer              0x080015e8   Section        0  pwm.o(i.Initial_Motor1_SlaveTimer)
    i.Initial_Motor2_SlaveTimer              0x080016a0   Section        0  pwm.o(i.Initial_Motor2_SlaveTimer)
    i.Initial_Motor3_SlaveTimer              0x08001750   Section        0  pwm.o(i.Initial_Motor3_SlaveTimer)
    i.Initial_PWM_Motor1                     0x08001808   Section        0  pwm.o(i.Initial_PWM_Motor1)
    i.Initial_PWM_Motor2                     0x080018fc   Section        0  pwm.o(i.Initial_PWM_Motor2)
    i.Initial_PWM_Motor3                     0x080019dc   Section        0  pwm.o(i.Initial_PWM_Motor3)
    i.KEY_Init                               0x08001ae0   Section        0  faststop.o(i.KEY_Init)
    i.MemManage_Handler                      0x08001b40   Section        0  stm32f10x_it.o(i.MemManage_Handler)
    i.NMI_Handler                            0x08001b44   Section        0  stm32f10x_it.o(i.NMI_Handler)
    i.NVIC_Init                              0x08001b48   Section        0  misc.o(i.NVIC_Init)
    i.NVIC_PriorityGroupConfig               0x08001bb8   Section        0  misc.o(i.NVIC_PriorityGroupConfig)
    i.PendSV_Handler                         0x08001bcc   Section        0  stm32f10x_it.o(i.PendSV_Handler)
    i.RCC_APB1PeriphClockCmd                 0x08001bd0   Section        0  stm32f10x_rcc.o(i.RCC_APB1PeriphClockCmd)
    i.RCC_APB1PeriphResetCmd                 0x08001bf0   Section        0  stm32f10x_rcc.o(i.RCC_APB1PeriphResetCmd)
    i.RCC_APB2PeriphClockCmd                 0x08001c10   Section        0  stm32f10x_rcc.o(i.RCC_APB2PeriphClockCmd)
    i.RCC_APB2PeriphResetCmd                 0x08001c30   Section        0  stm32f10x_rcc.o(i.RCC_APB2PeriphResetCmd)
    i.RCC_GetClocksFreq                      0x08001c50   Section        0  stm32f10x_rcc.o(i.RCC_GetClocksFreq)
    i.SVC_Handler                            0x08001d24   Section        0  stm32f10x_it.o(i.SVC_Handler)
    i.SetSysClock                            0x08001d26   Section        0  system_stm32f10x.o(i.SetSysClock)
    SetSysClock                              0x08001d27   Thumb Code     8  system_stm32f10x.o(i.SetSysClock)
    i.SetSysClockTo72                        0x08001d30   Section        0  system_stm32f10x.o(i.SetSysClockTo72)
    SetSysClockTo72                          0x08001d31   Thumb Code   214  system_stm32f10x.o(i.SetSysClockTo72)
    i.SysTick_CLKSourceConfig                0x08001e10   Section        0  misc.o(i.SysTick_CLKSourceConfig)
    i.SysTick_Handler                        0x08001e38   Section        0  stm32f10x_it.o(i.SysTick_Handler)
    i.SystemInit                             0x08001e3c   Section        0  system_stm32f10x.o(i.SystemInit)
    i.TIM4_IRQHandler                        0x08001e9c   Section        0  step_motor.o(i.TIM4_IRQHandler)
    i.TIM5_IRQHandler                        0x08001ecc   Section        0  step_motor.o(i.TIM5_IRQHandler)
    i.TIM8_UP_IRQHandler                     0x08001efc   Section        0  step_motor.o(i.TIM8_UP_IRQHandler)
    i.TIM_ARRPreloadConfig                   0x08001f2c   Section        0  stm32f10x_tim.o(i.TIM_ARRPreloadConfig)
    i.TIM_ClearFlag                          0x08001f44   Section        0  stm32f10x_tim.o(i.TIM_ClearFlag)
    i.TIM_Cmd                                0x08001f4a   Section        0  stm32f10x_tim.o(i.TIM_Cmd)
    i.TIM_CtrlPWMOutputs                     0x08001f62   Section        0  stm32f10x_tim.o(i.TIM_CtrlPWMOutputs)
    i.TIM_DeInit                             0x08001f80   Section        0  stm32f10x_tim.o(i.TIM_DeInit)
    i.TIM_ITConfig                           0x08002168   Section        0  stm32f10x_tim.o(i.TIM_ITConfig)
    i.TIM_OC1Init                            0x0800217c   Section        0  stm32f10x_tim.o(i.TIM_OC1Init)
    i.TIM_OC1PreloadConfig                   0x08002214   Section        0  stm32f10x_tim.o(i.TIM_OC1PreloadConfig)
    i.TIM_SelectInputTrigger                 0x08002226   Section        0  stm32f10x_tim.o(i.TIM_SelectInputTrigger)
    i.TIM_SelectMasterSlaveMode              0x08002238   Section        0  stm32f10x_tim.o(i.TIM_SelectMasterSlaveMode)
    i.TIM_SelectOutputTrigger                0x0800224a   Section        0  stm32f10x_tim.o(i.TIM_SelectOutputTrigger)
    i.TIM_SelectSlaveMode                    0x0800225c   Section        0  stm32f10x_tim.o(i.TIM_SelectSlaveMode)
    i.TIM_TimeBaseInit                       0x08002270   Section        0  stm32f10x_tim.o(i.TIM_TimeBaseInit)
    i.USART1_IRQHandler                      0x08002314   Section        0  usart.o(i.USART1_IRQHandler)
    i.USART2_IRQHandler                      0x08002374   Section        0  usart.o(i.USART2_IRQHandler)
    i.USART3_IRQHandler                      0x08002538   Section        0  usart.o(i.USART3_IRQHandler)
    i.USART_Cmd                              0x08002594   Section        0  stm32f10x_usart.o(i.USART_Cmd)
    i.USART_GetFlagStatus                    0x080025ac   Section        0  stm32f10x_usart.o(i.USART_GetFlagStatus)
    i.USART_GetITStatus                      0x080025c6   Section        0  stm32f10x_usart.o(i.USART_GetITStatus)
    i.USART_ITConfig                         0x0800261a   Section        0  stm32f10x_usart.o(i.USART_ITConfig)
    i.USART_Init                             0x08002664   Section        0  stm32f10x_usart.o(i.USART_Init)
    i.USART_ReceiveData                      0x0800273c   Section        0  stm32f10x_usart.o(i.USART_ReceiveData)
    i.USART_SendData                         0x08002746   Section        0  stm32f10x_usart.o(i.USART_SendData)
    i.UsageFault_Handler                     0x0800274e   Section        0  stm32f10x_it.o(i.UsageFault_Handler)
    i.__ARM_fpclassify                       0x08002752   Section        0  fpclassify.o(i.__ARM_fpclassify)
    i.__ARM_fpclassifyf                      0x0800277a   Section        0  fpclassifyf.o(i.__ARM_fpclassifyf)
    i.__mathlib_flt_infnan                   0x080027a0   Section        0  funder.o(i.__mathlib_flt_infnan)
    i.__mathlib_flt_underflow                0x080027a6   Section        0  funder.o(i.__mathlib_flt_underflow)
    i._sys_exit                              0x080027b0   Section        0  usart.o(i._sys_exit)
    i.atanf                                  0x080027b8   Section        0  atanf.o(i.atanf)
    i.coder1                                 0x08002934   Section        0  coder.o(i.coder1)
    i.coder2                                 0x080029a0   Section        0  coder.o(i.coder2)
    i.coder3                                 0x08002a28   Section        0  coder.o(i.coder3)
    i.coder_init                             0x08002aac   Section        0  coder.o(i.coder_init)
    i.delay_init                             0x08002be4   Section        0  delay.o(i.delay_init)
    i.delay_ms                               0x08002c28   Section        0  delay.o(i.delay_ms)
    i.fputc                                  0x08002c74   Section        0  usart.o(i.fputc)
    i.main                                   0x08002c90   Section        0  main.o(i.main)
    i.motor1running                          0x08003090   Section        0  step_motor.o(i.motor1running)
    i.motor2running                          0x08003174   Section        0  step_motor.o(i.motor2running)
    i.motor3running                          0x08003238   Section        0  step_motor.o(i.motor3running)
    i.motordir_Init                          0x08003300   Section        0  step_motor.o(i.motordir_Init)
    i.motorto_aimangle                       0x080033a8   Section        0  step_motor.o(i.motorto_aimangle)
    i.movetocoordinate                       0x08003984   Section        0  step_motor.o(i.movetocoordinate)
    i.readusart                              0x08003d54   Section        0  usart.o(i.readusart)
    i.sqrtf                                  0x080040e4   Section        0  sqrtf.o(i.sqrtf)
    i.uart1_init                             0x08004110   Section        0  usart.o(i.uart1_init)
    i.uart2_init                             0x080041b8   Section        0  usart.o(i.uart2_init)
    i.uart3_init                             0x0800425c   Section        0  usart.o(i.uart3_init)
    i.xy2angle                               0x08004304   Section        0  xy_angle.o(i.xy2angle)
    locale$$code                             0x08004cc8   Section       44  lc_numeric_c.o(locale$$code)
    x$fpl$d2f                                0x08004cf4   Section       98  d2f.o(x$fpl$d2f)
    x$fpl$dadd                               0x08004d58   Section      336  daddsub_clz.o(x$fpl$dadd)
    _dadd1                                   0x08004d69   Thumb Code     0  daddsub_clz.o(x$fpl$dadd)
    x$fpl$dcmpinf                            0x08004ea8   Section       24  dcmpi.o(x$fpl$dcmpinf)
    x$fpl$ddiv                               0x08004ec0   Section      688  ddiv.o(x$fpl$ddiv)
    ddiv_entry                               0x08004ec7   Thumb Code     0  ddiv.o(x$fpl$ddiv)
    x$fpl$deqf                               0x08005170   Section      120  deqf.o(x$fpl$deqf)
    x$fpl$dfix                               0x080051e8   Section       94  dfix.o(x$fpl$dfix)
    x$fpl$dfixu                              0x08005248   Section       90  dfixu.o(x$fpl$dfixu)
    x$fpl$dflt                               0x080052a2   Section       46  dflt_clz.o(x$fpl$dflt)
    x$fpl$dfltu                              0x080052d0   Section       38  dflt_clz.o(x$fpl$dfltu)
    x$fpl$dleqf                              0x080052f8   Section      120  dleqf.o(x$fpl$dleqf)
    x$fpl$dmul                               0x08005370   Section      340  dmul.o(x$fpl$dmul)
    x$fpl$dnaninf                            0x080054c4   Section      156  dnaninf.o(x$fpl$dnaninf)
    x$fpl$dretinf                            0x08005560   Section       12  dretinf.o(x$fpl$dretinf)
    x$fpl$drleqf                             0x0800556c   Section      108  drleqf.o(x$fpl$drleqf)
    x$fpl$drsb                               0x080055d8   Section       22  daddsub_clz.o(x$fpl$drsb)
    x$fpl$dsub                               0x080055f0   Section      468  daddsub_clz.o(x$fpl$dsub)
    _dsub1                                   0x08005601   Thumb Code     0  daddsub_clz.o(x$fpl$dsub)
    x$fpl$f2d                                0x080057c4   Section       86  f2d.o(x$fpl$f2d)
    x$fpl$fadd                               0x0800581c   Section      196  faddsub_clz.o(x$fpl$fadd)
    _fadd1                                   0x0800582b   Thumb Code     0  faddsub_clz.o(x$fpl$fadd)
    x$fpl$fcheck1                            0x080058e0   Section       12  fcheck1.o(x$fpl$fcheck1)
    x$fpl$fdiv                               0x080058ec   Section      388  fdiv.o(x$fpl$fdiv)
    _fdiv1                                   0x080058ed   Thumb Code     0  fdiv.o(x$fpl$fdiv)
    x$fpl$fmul                               0x08005a70   Section      258  fmul.o(x$fpl$fmul)
    x$fpl$fnaninf                            0x08005b72   Section      140  fnaninf.o(x$fpl$fnaninf)
    x$fpl$fretinf                            0x08005bfe   Section       10  fretinf.o(x$fpl$fretinf)
    x$fpl$fsqrt                              0x08005c08   Section      272  fsqrt.o(x$fpl$fsqrt)
    x$fpl$fsub                               0x08005d18   Section      234  faddsub_clz.o(x$fpl$fsub)
    _fsub1                                   0x08005d27   Thumb Code     0  faddsub_clz.o(x$fpl$fsub)
    x$fpl$printf1                            0x08005e02   Section        4  printf1.o(x$fpl$printf1)
    x$fpl$retnan                             0x08005e06   Section      100  retnan.o(x$fpl$retnan)
    x$fpl$scalbnf                            0x08005e6a   Section       76  scalbnf.o(x$fpl$scalbnf)
    x$fpl$trapveneer                         0x08005eb6   Section       48  trapv.o(x$fpl$trapveneer)
    x$fpl$usenofp                            0x08005ee6   Section        0  usenofp.o(x$fpl$usenofp)
    .constdata                               0x08005ee8   Section      148  bigflt0.o(.constdata)
    tenpwrs_x                                0x08005ee8   Data          60  bigflt0.o(.constdata)
    tenpwrs_i                                0x08005f24   Data          64  bigflt0.o(.constdata)
    locale$$data                             0x08005f9c   Section       28  lc_numeric_c.o(locale$$data)
    __lcnum_c_name                           0x08005fa0   Data           2  lc_numeric_c.o(locale$$data)
    __lcnum_c_start                          0x08005fa8   Data           0  lc_numeric_c.o(locale$$data)
    __lcnum_c_point                          0x08005fb4   Data           0  lc_numeric_c.o(locale$$data)
    __lcnum_c_thousands                      0x08005fb6   Data           0  lc_numeric_c.o(locale$$data)
    __lcnum_c_grouping                       0x08005fb7   Data           0  lc_numeric_c.o(locale$$data)
    __lcnum_c_end                            0x08005fb8   Data           0  lc_numeric_c.o(locale$$data)
    .data                                    0x20000000   Section       16  main.o(.data)
    .data                                    0x20000010   Section       20  system_stm32f10x.o(.data)
    .data                                    0x20000028   Section       24  xy_angle.o(.data)
    .data                                    0x20000040   Section       44  step_motor.o(.data)
    .data                                    0x2000006c   Section       20  stm32f10x_rcc.o(.data)
    APBAHBPrescTable                         0x2000006c   Data          16  stm32f10x_rcc.o(.data)
    ADCPrescTable                            0x2000007c   Data           4  stm32f10x_rcc.o(.data)
    .data                                    0x20000080   Section       72  usart.o(.data)
    .data                                    0x200000c8   Section        4  delay.o(.data)
    fac_us                                   0x200000c8   Data           1  delay.o(.data)
    fac_ms                                   0x200000ca   Data           2  delay.o(.data)
    .bss                                     0x200000cc   Section     1000  usart.o(.bss)
    .bss                                     0x200004b4   Section       96  libspace.o(.bss)
    HEAP                                     0x20000518   Section      512  startup_stm32f10x_hd.o(HEAP)
    Heap_Mem                                 0x20000518   Data         512  startup_stm32f10x_hd.o(HEAP)
    STACK                                    0x20000718   Section     1024  startup_stm32f10x_hd.o(STACK)
    Stack_Mem                                0x20000718   Data        1024  startup_stm32f10x_hd.o(STACK)
    __initial_sp                             0x20000b18   Data           0  startup_stm32f10x_hd.o(STACK)

    Global Symbols

    Symbol Name                              Value     Ov Type        Size  Object(Section)

    BuildAttributes$$THM_ISAv4$P$D$K$B$S$PE$A:L22UL41UL21$X:L11$S22US41US21$IEEE1$IW$USESV6$~STKCKD$USESV7$~SHL$OTIME$ROPI$IEEEX$EBA8$UX$STANDARDLIB$REQ8$PRES8$EABIv2 0x00000000   Number         0  anon$$obj.o ABSOLUTE
    __ARM_use_no_argv                        0x00000000   Number         0  main.o ABSOLUTE
    _printf_flags                            0x00000000   Number         0  printf_stubs.o ABSOLUTE
    _printf_return_value                     0x00000000   Number         0  printf_stubs.o ABSOLUTE
    _printf_sizespec                         0x00000000   Number         0  printf_stubs.o ABSOLUTE
    _printf_widthprec                        0x00000000   Number         0  printf_stubs.o ABSOLUTE
    __ARM_exceptions_init                     - Undefined Weak Reference
    __alloca_initialize                       - Undefined Weak Reference
    __arm_preinit_                            - Undefined Weak Reference
    __cpp_initialize__aeabi_                  - Undefined Weak Reference
    __cxa_finalize                            - Undefined Weak Reference
    __sigvec_lookup                           - Undefined Weak Reference
    _atexit_init                              - Undefined Weak Reference
    _call_atexit_fns                          - Undefined Weak Reference
    _clock_init                               - Undefined Weak Reference
    _fp_trap_init                             - Undefined Weak Reference
    _fp_trap_shutdown                         - Undefined Weak Reference
    _get_lc_collate                           - Undefined Weak Reference
    _get_lc_ctype                             - Undefined Weak Reference
    _get_lc_monetary                          - Undefined Weak Reference
    _get_lc_time                              - Undefined Weak Reference
    _getenv_init                              - Undefined Weak Reference
    _handle_redirection                       - Undefined Weak Reference
    _init_alloc                               - Undefined Weak Reference
    _init_user_alloc                          - Undefined Weak Reference
    _initio                                   - Undefined Weak Reference
    _mutex_acquire                            - Undefined Weak Reference
    _mutex_release                            - Undefined Weak Reference
    _printf_post_padding                      - Undefined Weak Reference
    _printf_pre_padding                       - Undefined Weak Reference
    _printf_truncate_signed                   - Undefined Weak Reference
    _printf_truncate_unsigned                 - Undefined Weak Reference
    _rand_init                                - Undefined Weak Reference
    _signal_finish                            - Undefined Weak Reference
    _signal_init                              - Undefined Weak Reference
    _terminate_alloc                          - Undefined Weak Reference
    _terminate_user_alloc                     - Undefined Weak Reference
    _terminateio                              - Undefined Weak Reference
    __Vectors_Size                           0x00000130   Number         0  startup_stm32f10x_hd.o ABSOLUTE
    __Vectors                                0x08000000   Data           4  startup_stm32f10x_hd.o(RESET)
    __Vectors_End                            0x08000130   Data           0  startup_stm32f10x_hd.o(RESET)
    __main                                   0x08000131   Thumb Code     8  __main.o(!!!main)
    __scatterload                            0x08000139   Thumb Code     0  __scatter.o(!!!scatter)
    __scatterload_rt2                        0x08000139   Thumb Code    44  __scatter.o(!!!scatter)
    __scatterload_rt2_thumb_only             0x08000139   Thumb Code     0  __scatter.o(!!!scatter)
    __scatterload_null                       0x08000147   Thumb Code     0  __scatter.o(!!!scatter)
    __scatterload_copy                       0x0800016d   Thumb Code    26  __scatter_copy.o(!!handler_copy)
    __scatterload_zeroinit                   0x08000189   Thumb Code    28  __scatter_zi.o(!!handler_zi)
    _printf_f                                0x080001a5   Thumb Code     0  _printf_f.o(.ARM.Collect$$_printf_percent$$00000003)
    _printf_percent                          0x080001a5   Thumb Code     0  _printf_percent.o(.ARM.Collect$$_printf_percent$$00000000)
    _printf_d                                0x080001ab   Thumb Code     0  _printf_d.o(.ARM.Collect$$_printf_percent$$00000009)
    _printf_percent_end                      0x080001b1   Thumb Code     0  _printf_percent_end.o(.ARM.Collect$$_printf_percent$$00000017)
    __rt_lib_init                            0x080001b5   Thumb Code     0  libinit.o(.ARM.Collect$$libinit$$00000000)
    __rt_lib_init_fp_1                       0x080001b7   Thumb Code     0  libinit2.o(.ARM.Collect$$libinit$$00000002)
    __rt_lib_init_heap_1                     0x080001b7   Thumb Code     0  libinit2.o(.ARM.Collect$$libinit$$0000000A)
    __rt_lib_init_lc_common                  0x080001b7   Thumb Code     0  libinit2.o(.ARM.Collect$$libinit$$0000000F)
    __rt_lib_init_preinit_1                  0x080001b7   Thumb Code     0  libinit2.o(.ARM.Collect$$libinit$$00000004)
    __rt_lib_init_rand_1                     0x080001b7   Thumb Code     0  libinit2.o(.ARM.Collect$$libinit$$0000000E)
    __rt_lib_init_user_alloc_1               0x080001b7   Thumb Code     0  libinit2.o(.ARM.Collect$$libinit$$0000000C)
    __rt_lib_init_lc_collate_1               0x080001bd   Thumb Code     0  libinit2.o(.ARM.Collect$$libinit$$00000011)
    __rt_lib_init_lc_ctype_1                 0x080001bd   Thumb Code     0  libinit2.o(.ARM.Collect$$libinit$$00000013)
    __rt_lib_init_lc_monetary_1              0x080001bd   Thumb Code     0  libinit2.o(.ARM.Collect$$libinit$$00000015)
    __rt_lib_init_lc_numeric_2               0x080001bd   Thumb Code     0  libinit2.o(.ARM.Collect$$libinit$$00000016)
    __rt_lib_init_alloca_1                   0x080001c7   Thumb Code     0  libinit2.o(.ARM.Collect$$libinit$$0000002E)
    __rt_lib_init_argv_1                     0x080001c7   Thumb Code     0  libinit2.o(.ARM.Collect$$libinit$$0000002C)
    __rt_lib_init_atexit_1                   0x080001c7   Thumb Code     0  libinit2.o(.ARM.Collect$$libinit$$0000001B)
    __rt_lib_init_clock_1                    0x080001c7   Thumb Code     0  libinit2.o(.ARM.Collect$$libinit$$00000021)
    __rt_lib_init_cpp_1                      0x080001c7   Thumb Code     0  libinit2.o(.ARM.Collect$$libinit$$00000032)
    __rt_lib_init_exceptions_1               0x080001c7   Thumb Code     0  libinit2.o(.ARM.Collect$$libinit$$00000030)
    __rt_lib_init_fp_trap_1                  0x080001c7   Thumb Code     0  libinit2.o(.ARM.Collect$$libinit$$0000001F)
    __rt_lib_init_getenv_1                   0x080001c7   Thumb Code     0  libinit2.o(.ARM.Collect$$libinit$$00000023)
    __rt_lib_init_lc_numeric_1               0x080001c7   Thumb Code     0  libinit2.o(.ARM.Collect$$libinit$$00000017)
    __rt_lib_init_lc_time_1                  0x080001c7   Thumb Code     0  libinit2.o(.ARM.Collect$$libinit$$00000019)
    __rt_lib_init_return                     0x080001c7   Thumb Code     0  libinit2.o(.ARM.Collect$$libinit$$00000033)
    __rt_lib_init_signal_1                   0x080001c7   Thumb Code     0  libinit2.o(.ARM.Collect$$libinit$$0000001D)
    __rt_lib_init_stdio_1                    0x080001c7   Thumb Code     0  libinit2.o(.ARM.Collect$$libinit$$00000025)
    __rt_lib_shutdown                        0x080001c9   Thumb Code     0  libshutdown.o(.ARM.Collect$$libshutdown$$00000000)
    __rt_lib_shutdown_fp_trap_1              0x080001cb   Thumb Code     0  libshutdown2.o(.ARM.Collect$$libshutdown$$00000006)
    __rt_lib_shutdown_heap_1                 0x080001cb   Thumb Code     0  libshutdown2.o(.ARM.Collect$$libshutdown$$0000000E)
    __rt_lib_shutdown_return                 0x080001cb   Thumb Code     0  libshutdown2.o(.ARM.Collect$$libshutdown$$0000000F)
    __rt_lib_shutdown_signal_1               0x080001cb   Thumb Code     0  libshutdown2.o(.ARM.Collect$$libshutdown$$00000009)
    __rt_lib_shutdown_stdio_1                0x080001cb   Thumb Code     0  libshutdown2.o(.ARM.Collect$$libshutdown$$00000003)
    __rt_lib_shutdown_user_alloc_1           0x080001cb   Thumb Code     0  libshutdown2.o(.ARM.Collect$$libshutdown$$0000000B)
    __rt_entry                               0x080001cd   Thumb Code     0  __rtentry.o(.ARM.Collect$$rtentry$$00000000)
    __rt_entry_presh_1                       0x080001cd   Thumb Code     0  __rtentry2.o(.ARM.Collect$$rtentry$$00000002)
    __rt_entry_sh                            0x080001cd   Thumb Code     0  __rtentry4.o(.ARM.Collect$$rtentry$$00000004)
    __rt_entry_li                            0x080001d3   Thumb Code     0  __rtentry2.o(.ARM.Collect$$rtentry$$0000000A)
    __rt_entry_postsh_1                      0x080001d3   Thumb Code     0  __rtentry2.o(.ARM.Collect$$rtentry$$00000009)
    __rt_entry_main                          0x080001d7   Thumb Code     0  __rtentry2.o(.ARM.Collect$$rtentry$$0000000D)
    __rt_entry_postli_1                      0x080001d7   Thumb Code     0  __rtentry2.o(.ARM.Collect$$rtentry$$0000000C)
    __rt_exit                                0x080001df   Thumb Code     0  rtexit.o(.ARM.Collect$$rtexit$$00000000)
    __rt_exit_ls                             0x080001e1   Thumb Code     0  rtexit2.o(.ARM.Collect$$rtexit$$00000003)
    __rt_exit_prels_1                        0x080001e1   Thumb Code     0  rtexit2.o(.ARM.Collect$$rtexit$$00000002)
    __rt_exit_exit                           0x080001e5   Thumb Code     0  rtexit2.o(.ARM.Collect$$rtexit$$00000004)
    Reset_Handler                            0x080001ed   Thumb Code     8  startup_stm32f10x_hd.o(.text)
    ADC1_2_IRQHandler                        0x08000207   Thumb Code     0  startup_stm32f10x_hd.o(.text)
    ADC3_IRQHandler                          0x08000207   Thumb Code     0  startup_stm32f10x_hd.o(.text)
    CAN1_RX1_IRQHandler                      0x08000207   Thumb Code     0  startup_stm32f10x_hd.o(.text)
    CAN1_SCE_IRQHandler                      0x08000207   Thumb Code     0  startup_stm32f10x_hd.o(.text)
    DMA1_Channel1_IRQHandler                 0x08000207   Thumb Code     0  startup_stm32f10x_hd.o(.text)
    DMA1_Channel2_IRQHandler                 0x08000207   Thumb Code     0  startup_stm32f10x_hd.o(.text)
    DMA1_Channel3_IRQHandler                 0x08000207   Thumb Code     0  startup_stm32f10x_hd.o(.text)
    DMA1_Channel4_IRQHandler                 0x08000207   Thumb Code     0  startup_stm32f10x_hd.o(.text)
    DMA1_Channel5_IRQHandler                 0x08000207   Thumb Code     0  startup_stm32f10x_hd.o(.text)
    DMA1_Channel6_IRQHandler                 0x08000207   Thumb Code     0  startup_stm32f10x_hd.o(.text)
    DMA1_Channel7_IRQHandler                 0x08000207   Thumb Code     0  startup_stm32f10x_hd.o(.text)
    DMA2_Channel1_IRQHandler                 0x08000207   Thumb Code     0  startup_stm32f10x_hd.o(.text)
    DMA2_Channel2_IRQHandler                 0x08000207   Thumb Code     0  startup_stm32f10x_hd.o(.text)
    DMA2_Channel3_IRQHandler                 0x08000207   Thumb Code     0  startup_stm32f10x_hd.o(.text)
    DMA2_Channel4_5_IRQHandler               0x08000207   Thumb Code     0  startup_stm32f10x_hd.o(.text)
    EXTI0_IRQHandler                         0x08000207   Thumb Code     0  startup_stm32f10x_hd.o(.text)
    EXTI15_10_IRQHandler                     0x08000207   Thumb Code     0  startup_stm32f10x_hd.o(.text)
    EXTI1_IRQHandler                         0x08000207   Thumb Code     0  startup_stm32f10x_hd.o(.text)
    EXTI3_IRQHandler                         0x08000207   Thumb Code     0  startup_stm32f10x_hd.o(.text)
    EXTI4_IRQHandler                         0x08000207   Thumb Code     0  startup_stm32f10x_hd.o(.text)
    EXTI9_5_IRQHandler                       0x08000207   Thumb Code     0  startup_stm32f10x_hd.o(.text)
    FLASH_IRQHandler                         0x08000207   Thumb Code     0  startup_stm32f10x_hd.o(.text)
    FSMC_IRQHandler                          0x08000207   Thumb Code     0  startup_stm32f10x_hd.o(.text)
    I2C1_ER_IRQHandler                       0x08000207   Thumb Code     0  startup_stm32f10x_hd.o(.text)
    I2C1_EV_IRQHandler                       0x08000207   Thumb Code     0  startup_stm32f10x_hd.o(.text)
    I2C2_ER_IRQHandler                       0x08000207   Thumb Code     0  startup_stm32f10x_hd.o(.text)
    I2C2_EV_IRQHandler                       0x08000207   Thumb Code     0  startup_stm32f10x_hd.o(.text)
    PVD_IRQHandler                           0x08000207   Thumb Code     0  startup_stm32f10x_hd.o(.text)
    RCC_IRQHandler                           0x08000207   Thumb Code     0  startup_stm32f10x_hd.o(.text)
    RTCAlarm_IRQHandler                      0x08000207   Thumb Code     0  startup_stm32f10x_hd.o(.text)
    RTC_IRQHandler                           0x08000207   Thumb Code     0  startup_stm32f10x_hd.o(.text)
    SDIO_IRQHandler                          0x08000207   Thumb Code     0  startup_stm32f10x_hd.o(.text)
    SPI1_IRQHandler                          0x08000207   Thumb Code     0  startup_stm32f10x_hd.o(.text)
    SPI2_IRQHandler                          0x08000207   Thumb Code     0  startup_stm32f10x_hd.o(.text)
    SPI3_IRQHandler                          0x08000207   Thumb Code     0  startup_stm32f10x_hd.o(.text)
    TAMPER_IRQHandler                        0x08000207   Thumb Code     0  startup_stm32f10x_hd.o(.text)
    TIM1_BRK_IRQHandler                      0x08000207   Thumb Code     0  startup_stm32f10x_hd.o(.text)
    TIM1_CC_IRQHandler                       0x08000207   Thumb Code     0  startup_stm32f10x_hd.o(.text)
    TIM1_TRG_COM_IRQHandler                  0x08000207   Thumb Code     0  startup_stm32f10x_hd.o(.text)
    TIM1_UP_IRQHandler                       0x08000207   Thumb Code     0  startup_stm32f10x_hd.o(.text)
    TIM2_IRQHandler                          0x08000207   Thumb Code     0  startup_stm32f10x_hd.o(.text)
    TIM3_IRQHandler                          0x08000207   Thumb Code     0  startup_stm32f10x_hd.o(.text)
    TIM6_IRQHandler                          0x08000207   Thumb Code     0  startup_stm32f10x_hd.o(.text)
    TIM7_IRQHandler                          0x08000207   Thumb Code     0  startup_stm32f10x_hd.o(.text)
    TIM8_BRK_IRQHandler                      0x08000207   Thumb Code     0  startup_stm32f10x_hd.o(.text)
    TIM8_CC_IRQHandler                       0x08000207   Thumb Code     0  startup_stm32f10x_hd.o(.text)
    TIM8_TRG_COM_IRQHandler                  0x08000207   Thumb Code     0  startup_stm32f10x_hd.o(.text)
    UART4_IRQHandler                         0x08000207   Thumb Code     0  startup_stm32f10x_hd.o(.text)
    UART5_IRQHandler                         0x08000207   Thumb Code     0  startup_stm32f10x_hd.o(.text)
    USBWakeUp_IRQHandler                     0x08000207   Thumb Code     0  startup_stm32f10x_hd.o(.text)
    USB_HP_CAN1_TX_IRQHandler                0x08000207   Thumb Code     0  startup_stm32f10x_hd.o(.text)
    USB_LP_CAN1_RX0_IRQHandler               0x08000207   Thumb Code     0  startup_stm32f10x_hd.o(.text)
    WWDG_IRQHandler                          0x08000207   Thumb Code     0  startup_stm32f10x_hd.o(.text)
    __user_initial_stackheap                 0x08000209   Thumb Code     0  startup_stm32f10x_hd.o(.text)
    __use_no_semihosting                     0x0800022d   Thumb Code     2  use_no_semi_2.o(.text)
    __2printf                                0x08000231   Thumb Code    20  noretval__2printf.o(.text)
    _printf_int_dec                          0x08000249   Thumb Code   104  _printf_dec.o(.text)
    __printf                                 0x080002c1   Thumb Code   184  __printf_ss.o(.text)
    __use_two_region_memory                  0x08000379   Thumb Code     2  heapauxi.o(.text)
    __rt_heap_escrow$2region                 0x0800037b   Thumb Code     2  heapauxi.o(.text)
    __rt_heap_expand$2region                 0x0800037d   Thumb Code     2  heapauxi.o(.text)
    __I$use$semihosting                      0x0800037f   Thumb Code     0  use_no_semi.o(.text)
    __use_no_semihosting_swi                 0x0800037f   Thumb Code     2  use_no_semi.o(.text)
    __read_errno                             0x08000381   Thumb Code    10  _rserrno.o(.text)
    __set_errno                              0x0800038b   Thumb Code    12  _rserrno.o(.text)
    _printf_int_common                       0x08000397   Thumb Code   178  _printf_intcommon.o(.text)
    __lib_sel_fp_printf                      0x08000449   Thumb Code     2  _printf_fp_dec.o(.text)
    _printf_fp_dec_real                      0x080005f7   Thumb Code   620  _printf_fp_dec.o(.text)
    _printf_char_file                        0x08000865   Thumb Code    32  _printf_char_file.o(.text)
    __rt_locale                              0x08000889   Thumb Code     8  rt_locale_intlibspace.o(.text)
    __aeabi_errno_addr                       0x08000891   Thumb Code     8  rt_errno_addr_intlibspace.o(.text)
    __errno$intlibspace                      0x08000891   Thumb Code     0  rt_errno_addr_intlibspace.o(.text)
    __rt_errno_addr$intlibspace              0x08000891   Thumb Code     0  rt_errno_addr_intlibspace.o(.text)
    _ll_udiv10                               0x08000899   Thumb Code   138  lludiv10.o(.text)
    _printf_char_common                      0x0800092f   Thumb Code    32  _printf_char_common.o(.text)
    _printf_fp_infnan                        0x08000955   Thumb Code   112  _printf_fp_infnan.o(.text)
    _btod_etento                             0x080009d5   Thumb Code   216  bigflt0.o(.text)
    ferror                                   0x08000ab1   Thumb Code     8  ferror.o(.text)
    __user_libspace                          0x08000ab9   Thumb Code     8  libspace.o(.text)
    __user_perproc_libspace                  0x08000ab9   Thumb Code     0  libspace.o(.text)
    __user_perthread_libspace                0x08000ab9   Thumb Code     0  libspace.o(.text)
    __user_setup_stackheap                   0x08000ac1   Thumb Code    74  sys_stackheap_outer.o(.text)
    exit                                     0x08000b0b   Thumb Code    12  exit.o(.text)
    strcmp                                   0x08000b19   Thumb Code   128  strcmpv7m.o(.text)
    _btod_d2e                                0x08000b99   Thumb Code    62  btod.o(CL$$btod_d2e)
    _d2e_denorm_low                          0x08000bd7   Thumb Code    70  btod.o(CL$$btod_d2e_denorm_low)
    _d2e_norm_op1                            0x08000c1d   Thumb Code    96  btod.o(CL$$btod_d2e_norm_op1)
    __btod_div_common                        0x08000c7d   Thumb Code   696  btod.o(CL$$btod_div_common)
    _e2e                                     0x08000fb5   Thumb Code   198  btod.o(CL$$btod_e2e)
    _btod_ediv                               0x0800107b   Thumb Code    40  btod.o(CL$$btod_ediv)
    _btod_emul                               0x080010a3   Thumb Code    40  btod.o(CL$$btod_emul)
    __btod_mult_common                       0x080010cb   Thumb Code   580  btod.o(CL$$btod_mult_common)
    BusFault_Handler                         0x0800130f   Thumb Code     4  stm32f10x_it.o(i.BusFault_Handler)
    DebugMon_Handler                         0x08001313   Thumb Code     2  stm32f10x_it.o(i.DebugMon_Handler)
    Delay_SSI                                0x08001315   Thumb Code    18  coder.o(i.Delay_SSI)
    EXTI2_IRQHandler                         0x08001329   Thumb Code    74  faststop.o(i.EXTI2_IRQHandler)
    EXTI_ClearITPendingBit                   0x08001395   Thumb Code     6  stm32f10x_exti.o(i.EXTI_ClearITPendingBit)
    EXTI_Init                                0x080013a1   Thumb Code   142  stm32f10x_exti.o(i.EXTI_Init)
    FASTSTOP_Init                            0x08001435   Thumb Code    80  faststop.o(i.FASTSTOP_Init)
    GPIO_EXTILineConfig                      0x08001485   Thumb Code    60  stm32f10x_gpio.o(i.GPIO_EXTILineConfig)
    GPIO_Init                                0x080014c5   Thumb Code   278  stm32f10x_gpio.o(i.GPIO_Init)
    GPIO_ResetBits                           0x080015db   Thumb Code     4  stm32f10x_gpio.o(i.GPIO_ResetBits)
    GPIO_SetBits                             0x080015df   Thumb Code     4  stm32f10x_gpio.o(i.GPIO_SetBits)
    HardFault_Handler                        0x080015e3   Thumb Code     4  stm32f10x_it.o(i.HardFault_Handler)
    Initial_Motor1_SlaveTimer                0x080015e9   Thumb Code   180  pwm.o(i.Initial_Motor1_SlaveTimer)
    Initial_Motor2_SlaveTimer                0x080016a1   Thumb Code   172  pwm.o(i.Initial_Motor2_SlaveTimer)
    Initial_Motor3_SlaveTimer                0x08001751   Thumb Code   180  pwm.o(i.Initial_Motor3_SlaveTimer)
    Initial_PWM_Motor1                       0x08001809   Thumb Code   234  pwm.o(i.Initial_PWM_Motor1)
    Initial_PWM_Motor2                       0x080018fd   Thumb Code   220  pwm.o(i.Initial_PWM_Motor2)
    Initial_PWM_Motor3                       0x080019dd   Thumb Code   250  pwm.o(i.Initial_PWM_Motor3)
    KEY_Init                                 0x08001ae1   Thumb Code    88  faststop.o(i.KEY_Init)
    MemManage_Handler                        0x08001b41   Thumb Code     4  stm32f10x_it.o(i.MemManage_Handler)
    NMI_Handler                              0x08001b45   Thumb Code     2  stm32f10x_it.o(i.NMI_Handler)
    NVIC_Init                                0x08001b49   Thumb Code   100  misc.o(i.NVIC_Init)
    NVIC_PriorityGroupConfig                 0x08001bb9   Thumb Code    10  misc.o(i.NVIC_PriorityGroupConfig)
    PendSV_Handler                           0x08001bcd   Thumb Code     2  stm32f10x_it.o(i.PendSV_Handler)
    RCC_APB1PeriphClockCmd                   0x08001bd1   Thumb Code    26  stm32f10x_rcc.o(i.RCC_APB1PeriphClockCmd)
    RCC_APB1PeriphResetCmd                   0x08001bf1   Thumb Code    26  stm32f10x_rcc.o(i.RCC_APB1PeriphResetCmd)
    RCC_APB2PeriphClockCmd                   0x08001c11   Thumb Code    26  stm32f10x_rcc.o(i.RCC_APB2PeriphClockCmd)
    RCC_APB2PeriphResetCmd                   0x08001c31   Thumb Code    26  stm32f10x_rcc.o(i.RCC_APB2PeriphResetCmd)
    RCC_GetClocksFreq                        0x08001c51   Thumb Code   192  stm32f10x_rcc.o(i.RCC_GetClocksFreq)
    SVC_Handler                              0x08001d25   Thumb Code     2  stm32f10x_it.o(i.SVC_Handler)
    SysTick_CLKSourceConfig                  0x08001e11   Thumb Code    40  misc.o(i.SysTick_CLKSourceConfig)
    SysTick_Handler                          0x08001e39   Thumb Code     2  stm32f10x_it.o(i.SysTick_Handler)
    SystemInit                               0x08001e3d   Thumb Code    78  system_stm32f10x.o(i.SystemInit)
    TIM4_IRQHandler                          0x08001e9d   Thumb Code    36  step_motor.o(i.TIM4_IRQHandler)
    TIM5_IRQHandler                          0x08001ecd   Thumb Code    36  step_motor.o(i.TIM5_IRQHandler)
    TIM8_UP_IRQHandler                       0x08001efd   Thumb Code    38  step_motor.o(i.TIM8_UP_IRQHandler)
    TIM_ARRPreloadConfig                     0x08001f2d   Thumb Code    24  stm32f10x_tim.o(i.TIM_ARRPreloadConfig)
    TIM_ClearFlag                            0x08001f45   Thumb Code     6  stm32f10x_tim.o(i.TIM_ClearFlag)
    TIM_Cmd                                  0x08001f4b   Thumb Code    24  stm32f10x_tim.o(i.TIM_Cmd)
    TIM_CtrlPWMOutputs                       0x08001f63   Thumb Code    30  stm32f10x_tim.o(i.TIM_CtrlPWMOutputs)
    TIM_DeInit                               0x08001f81   Thumb Code   424  stm32f10x_tim.o(i.TIM_DeInit)
    TIM_ITConfig                             0x08002169   Thumb Code    18  stm32f10x_tim.o(i.TIM_ITConfig)
    TIM_OC1Init                              0x0800217d   Thumb Code   132  stm32f10x_tim.o(i.TIM_OC1Init)
    TIM_OC1PreloadConfig                     0x08002215   Thumb Code    18  stm32f10x_tim.o(i.TIM_OC1PreloadConfig)
    TIM_SelectInputTrigger                   0x08002227   Thumb Code    18  stm32f10x_tim.o(i.TIM_SelectInputTrigger)
    TIM_SelectMasterSlaveMode                0x08002239   Thumb Code    18  stm32f10x_tim.o(i.TIM_SelectMasterSlaveMode)
    TIM_SelectOutputTrigger                  0x0800224b   Thumb Code    18  stm32f10x_tim.o(i.TIM_SelectOutputTrigger)
    TIM_SelectSlaveMode                      0x0800225d   Thumb Code    18  stm32f10x_tim.o(i.TIM_SelectSlaveMode)
    TIM_TimeBaseInit                         0x08002271   Thumb Code   122  stm32f10x_tim.o(i.TIM_TimeBaseInit)
    USART1_IRQHandler                        0x08002315   Thumb Code    80  usart.o(i.USART1_IRQHandler)
    USART2_IRQHandler                        0x08002375   Thumb Code   416  usart.o(i.USART2_IRQHandler)
    USART3_IRQHandler                        0x08002539   Thumb Code    78  usart.o(i.USART3_IRQHandler)
    USART_Cmd                                0x08002595   Thumb Code    24  stm32f10x_usart.o(i.USART_Cmd)
    USART_GetFlagStatus                      0x080025ad   Thumb Code    26  stm32f10x_usart.o(i.USART_GetFlagStatus)
    USART_GetITStatus                        0x080025c7   Thumb Code    84  stm32f10x_usart.o(i.USART_GetITStatus)
    USART_ITConfig                           0x0800261b   Thumb Code    74  stm32f10x_usart.o(i.USART_ITConfig)
    USART_Init                               0x08002665   Thumb Code   210  stm32f10x_usart.o(i.USART_Init)
    USART_ReceiveData                        0x0800273d   Thumb Code    10  stm32f10x_usart.o(i.USART_ReceiveData)
    USART_SendData                           0x08002747   Thumb Code     8  stm32f10x_usart.o(i.USART_SendData)
    UsageFault_Handler                       0x0800274f   Thumb Code     4  stm32f10x_it.o(i.UsageFault_Handler)
    __ARM_fpclassify                         0x08002753   Thumb Code    40  fpclassify.o(i.__ARM_fpclassify)
    __ARM_fpclassifyf                        0x0800277b   Thumb Code    38  fpclassifyf.o(i.__ARM_fpclassifyf)
    __mathlib_flt_infnan                     0x080027a1   Thumb Code     6  funder.o(i.__mathlib_flt_infnan)
    __mathlib_flt_underflow                  0x080027a7   Thumb Code    10  funder.o(i.__mathlib_flt_underflow)
    _sys_exit                                0x080027b1   Thumb Code     6  usart.o(i._sys_exit)
    atanf                                    0x080027b9   Thumb Code   324  atanf.o(i.atanf)
    coder1                                   0x08002935   Thumb Code    98  coder.o(i.coder1)
    coder2                                   0x080029a1   Thumb Code   124  coder.o(i.coder2)
    coder3                                   0x08002a29   Thumb Code   124  coder.o(i.coder3)
    coder_init                               0x08002aad   Thumb Code   298  coder.o(i.coder_init)
    delay_init                               0x08002be5   Thumb Code    50  delay.o(i.delay_init)
    delay_ms                                 0x08002c29   Thumb Code    72  delay.o(i.delay_ms)
    fputc                                    0x08002c75   Thumb Code    24  usart.o(i.fputc)
    main                                     0x08002c91   Thumb Code   794  main.o(i.main)
    motor1running                            0x08003091   Thumb Code   172  step_motor.o(i.motor1running)
    motor2running                            0x08003175   Thumb Code   164  step_motor.o(i.motor2running)
    motor3running                            0x08003239   Thumb Code   164  step_motor.o(i.motor3running)
    motordir_Init                            0x08003301   Thumb Code   158  step_motor.o(i.motordir_Init)
    motorto_aimangle                         0x080033a9   Thumb Code  1470  step_motor.o(i.motorto_aimangle)
    movetocoordinate                         0x08003985   Thumb Code   850  step_motor.o(i.movetocoordinate)
    readusart                                0x08003d55   Thumb Code   788  usart.o(i.readusart)
    sqrtf                                    0x080040e5   Thumb Code    44  sqrtf.o(i.sqrtf)
    uart1_init                               0x08004111   Thumb Code   158  usart.o(i.uart1_init)
    uart2_init                               0x080041b9   Thumb Code   154  usart.o(i.uart2_init)
    uart3_init                               0x0800425d   Thumb Code   158  usart.o(i.uart3_init)
    xy2angle                                 0x08004305   Thumb Code  2456  xy_angle.o(i.xy2angle)
    _get_lc_numeric                          0x08004cc9   Thumb Code    44  lc_numeric_c.o(locale$$code)
    __aeabi_d2f                              0x08004cf5   Thumb Code     0  d2f.o(x$fpl$d2f)
    _d2f                                     0x08004cf5   Thumb Code    98  d2f.o(x$fpl$d2f)
    __aeabi_dadd                             0x08004d59   Thumb Code     0  daddsub_clz.o(x$fpl$dadd)
    _dadd                                    0x08004d59   Thumb Code   332  daddsub_clz.o(x$fpl$dadd)
    __fpl_dcmp_Inf                           0x08004ea9   Thumb Code    24  dcmpi.o(x$fpl$dcmpinf)
    __aeabi_ddiv                             0x08004ec1   Thumb Code     0  ddiv.o(x$fpl$ddiv)
    _ddiv                                    0x08004ec1   Thumb Code   552  ddiv.o(x$fpl$ddiv)
    __aeabi_cdcmpeq                          0x08005171   Thumb Code     0  deqf.o(x$fpl$deqf)
    _dcmpeq                                  0x08005171   Thumb Code   120  deqf.o(x$fpl$deqf)
    __aeabi_d2iz                             0x080051e9   Thumb Code     0  dfix.o(x$fpl$dfix)
    _dfix                                    0x080051e9   Thumb Code    94  dfix.o(x$fpl$dfix)
    __aeabi_d2uiz                            0x08005249   Thumb Code     0  dfixu.o(x$fpl$dfixu)
    _dfixu                                   0x08005249   Thumb Code    90  dfixu.o(x$fpl$dfixu)
    __aeabi_i2d                              0x080052a3   Thumb Code     0  dflt_clz.o(x$fpl$dflt)
    _dflt                                    0x080052a3   Thumb Code    46  dflt_clz.o(x$fpl$dflt)
    __aeabi_ui2d                             0x080052d1   Thumb Code     0  dflt_clz.o(x$fpl$dfltu)
    _dfltu                                   0x080052d1   Thumb Code    38  dflt_clz.o(x$fpl$dfltu)
    __aeabi_cdcmple                          0x080052f9   Thumb Code     0  dleqf.o(x$fpl$dleqf)
    _dcmple                                  0x080052f9   Thumb Code   120  dleqf.o(x$fpl$dleqf)
    __fpl_dcmple_InfNaN                      0x0800535b   Thumb Code     0  dleqf.o(x$fpl$dleqf)
    __aeabi_dmul                             0x08005371   Thumb Code     0  dmul.o(x$fpl$dmul)
    _dmul                                    0x08005371   Thumb Code   332  dmul.o(x$fpl$dmul)
    __fpl_dnaninf                            0x080054c5   Thumb Code   156  dnaninf.o(x$fpl$dnaninf)
    __fpl_dretinf                            0x08005561   Thumb Code    12  dretinf.o(x$fpl$dretinf)
    __aeabi_cdrcmple                         0x0800556d   Thumb Code     0  drleqf.o(x$fpl$drleqf)
    _drcmple                                 0x0800556d   Thumb Code   108  drleqf.o(x$fpl$drleqf)
    __aeabi_drsub                            0x080055d9   Thumb Code     0  daddsub_clz.o(x$fpl$drsb)
    _drsb                                    0x080055d9   Thumb Code    22  daddsub_clz.o(x$fpl$drsb)
    __aeabi_dsub                             0x080055f1   Thumb Code     0  daddsub_clz.o(x$fpl$dsub)
    _dsub                                    0x080055f1   Thumb Code   464  daddsub_clz.o(x$fpl$dsub)
    __aeabi_f2d                              0x080057c5   Thumb Code     0  f2d.o(x$fpl$f2d)
    _f2d                                     0x080057c5   Thumb Code    86  f2d.o(x$fpl$f2d)
    __aeabi_fadd                             0x0800581d   Thumb Code     0  faddsub_clz.o(x$fpl$fadd)
    _fadd                                    0x0800581d   Thumb Code   196  faddsub_clz.o(x$fpl$fadd)
    __fpl_fcheck_NaN1                        0x080058e1   Thumb Code     6  fcheck1.o(x$fpl$fcheck1)
    __aeabi_fdiv                             0x080058ed   Thumb Code     0  fdiv.o(x$fpl$fdiv)
    _fdiv                                    0x080058ed   Thumb Code   384  fdiv.o(x$fpl$fdiv)
    __aeabi_fmul                             0x08005a71   Thumb Code     0  fmul.o(x$fpl$fmul)
    _fmul                                    0x08005a71   Thumb Code   258  fmul.o(x$fpl$fmul)
    __fpl_fnaninf                            0x08005b73   Thumb Code   140  fnaninf.o(x$fpl$fnaninf)
    __fpl_fretinf                            0x08005bff   Thumb Code    10  fretinf.o(x$fpl$fretinf)
    _fsqrt                                   0x08005c09   Thumb Code   272  fsqrt.o(x$fpl$fsqrt)
    __aeabi_fsub                             0x08005d19   Thumb Code     0  faddsub_clz.o(x$fpl$fsub)
    _fsub                                    0x08005d19   Thumb Code   234  faddsub_clz.o(x$fpl$fsub)
    _printf_fp_dec                           0x08005e03   Thumb Code     4  printf1.o(x$fpl$printf1)
    __fpl_return_NaN                         0x08005e07   Thumb Code   100  retnan.o(x$fpl$retnan)
    __ARM_scalbnf                            0x08005e6b   Thumb Code    76  scalbnf.o(x$fpl$scalbnf)
    __fpl_cmpreturn                          0x08005eb7   Thumb Code    48  trapv.o(x$fpl$trapveneer)
    __I$use$fp                               0x08005ee6   Number         0  usenofp.o(x$fpl$usenofp)
    Region$$Table$$Base                      0x08005f7c   Number         0  anon$$obj.o(Region$$Table)
    Region$$Table$$Limit                     0x08005f9c   Number         0  anon$$obj.o(Region$$Table)
    t                                        0x20000000   Data           1  main.o(.data)
    y                                        0x20000001   Data           1  main.o(.data)
    w1                                       0x20000004   Data           4  main.o(.data)
    w2                                       0x20000008   Data           4  main.o(.data)
    w3                                       0x2000000c   Data           4  main.o(.data)
    SystemCoreClock                          0x20000010   Data           4  system_stm32f10x.o(.data)
    AHBPrescTable                            0x20000014   Data          16  system_stm32f10x.o(.data)
    targetangle1                             0x20000028   Data           8  xy_angle.o(.data)
    targetangle2                             0x20000030   Data           8  xy_angle.o(.data)
    targetangle3                             0x20000038   Data           8  xy_angle.o(.data)
    nowx                                     0x20000040   Data           8  step_motor.o(.data)
    nowy                                     0x20000048   Data           8  step_motor.o(.data)
    nowz                                     0x20000050   Data           8  step_motor.o(.data)
    running1                                 0x20000058   Data           2  step_motor.o(.data)
    running2                                 0x2000005a   Data           2  step_motor.o(.data)
    running3                                 0x2000005c   Data           2  step_motor.o(.data)
    nowcoder1                                0x20000060   Data           4  step_motor.o(.data)
    nowcoder2                                0x20000064   Data           4  step_motor.o(.data)
    nowcoder3                                0x20000068   Data           4  step_motor.o(.data)
    __stdout                                 0x20000080   Data           4  usart.o(.data)
    USART1_RX_STA                            0x20000084   Data           2  usart.o(.data)
    q                                        0x20000088   Data           4  usart.o(.data)
    USART2_RX_STAx                           0x2000008c   Data           2  usart.o(.data)
    USART2_RX_STAy                           0x2000008e   Data           2  usart.o(.data)
    USART2_RX_STAz                           0x20000090   Data           2  usart.o(.data)
    s                                        0x20000094   Data           4  usart.o(.data)
    l                                        0x20000098   Data           4  usart.o(.data)
    f                                        0x2000009c   Data           4  usart.o(.data)
    m                                        0x200000a0   Data           4  usart.o(.data)
    USART3_RX_STA                            0x200000a4   Data           2  usart.o(.data)
    q2                                       0x200000a8   Data           4  usart.o(.data)
    aimx                                     0x200000b0   Data           8  usart.o(.data)
    aimy                                     0x200000b8   Data           8  usart.o(.data)
    aimz                                     0x200000c0   Data           8  usart.o(.data)
    USART1_RX_BUF                            0x200000cc   Data         200  usart.o(.bss)
    USART2_RX_BUFx                           0x20000194   Data         200  usart.o(.bss)
    USART2_RX_BUFy                           0x2000025c   Data         200  usart.o(.bss)
    USART2_RX_BUFz                           0x20000324   Data         200  usart.o(.bss)
    USART3_RX_BUF                            0x200003ec   Data         200  usart.o(.bss)
    __libspace_start                         0x200004b4   Data          96  libspace.o(.bss)
    __temporary_stack_top$libspace           0x20000514   Data           0  libspace.o(.bss)



==============================================================================

Memory Map of the image

  Image Entry point : 0x08000131

  Load Region LR_IROM1 (Base: 0x08000000, Size: 0x00006084, Max: 0x00080000, ABSOLUTE)

    Execution Region ER_IROM1 (Base: 0x08000000, Size: 0x00005fb8, Max: 0x00080000, ABSOLUTE)

    Base Addr    Size         Type   Attr      Idx    E Section Name        Object

    0x08000000   0x00000130   Data   RO          254    RESET               startup_stm32f10x_hd.o
    0x08000130   0x00000008   Code   RO         3614  * !!!main             c_w.l(__main.o)
    0x08000138   0x00000034   Code   RO         3936    !!!scatter          c_w.l(__scatter.o)
    0x0800016c   0x0000001a   Code   RO         3938    !!handler_copy      c_w.l(__scatter_copy.o)
    0x08000186   0x00000002   PAD
    0x08000188   0x0000001c   Code   RO         3940    !!handler_zi        c_w.l(__scatter_zi.o)
    0x080001a4   0x00000000   Code   RO         3611    .ARM.Collect$$_printf_percent$$00000000  c_w.l(_printf_percent.o)
    0x080001a4   0x00000006   Code   RO         3610    .ARM.Collect$$_printf_percent$$00000003  c_w.l(_printf_f.o)
    0x080001aa   0x00000006   Code   RO         3609    .ARM.Collect$$_printf_percent$$00000009  c_w.l(_printf_d.o)
    0x080001b0   0x00000004   Code   RO         3683    .ARM.Collect$$_printf_percent$$00000017  c_w.l(_printf_percent_end.o)
    0x080001b4   0x00000002   Code   RO         3808    .ARM.Collect$$libinit$$00000000  c_w.l(libinit.o)
    0x080001b6   0x00000000   Code   RO         3810    .ARM.Collect$$libinit$$00000002  c_w.l(libinit2.o)
    0x080001b6   0x00000000   Code   RO         3812    .ARM.Collect$$libinit$$00000004  c_w.l(libinit2.o)
    0x080001b6   0x00000000   Code   RO         3815    .ARM.Collect$$libinit$$0000000A  c_w.l(libinit2.o)
    0x080001b6   0x00000000   Code   RO         3817    .ARM.Collect$$libinit$$0000000C  c_w.l(libinit2.o)
    0x080001b6   0x00000000   Code   RO         3819    .ARM.Collect$$libinit$$0000000E  c_w.l(libinit2.o)
    0x080001b6   0x00000006   Code   RO         3820    .ARM.Collect$$libinit$$0000000F  c_w.l(libinit2.o)
    0x080001bc   0x00000000   Code   RO         3822    .ARM.Collect$$libinit$$00000011  c_w.l(libinit2.o)
    0x080001bc   0x00000000   Code   RO         3824    .ARM.Collect$$libinit$$00000013  c_w.l(libinit2.o)
    0x080001bc   0x00000000   Code   RO         3826    .ARM.Collect$$libinit$$00000015  c_w.l(libinit2.o)
    0x080001bc   0x0000000a   Code   RO         3827    .ARM.Collect$$libinit$$00000016  c_w.l(libinit2.o)
    0x080001c6   0x00000000   Code   RO         3828    .ARM.Collect$$libinit$$00000017  c_w.l(libinit2.o)
    0x080001c6   0x00000000   Code   RO         3830    .ARM.Collect$$libinit$$00000019  c_w.l(libinit2.o)
    0x080001c6   0x00000000   Code   RO         3832    .ARM.Collect$$libinit$$0000001B  c_w.l(libinit2.o)
    0x080001c6   0x00000000   Code   RO         3834    .ARM.Collect$$libinit$$0000001D  c_w.l(libinit2.o)
    0x080001c6   0x00000000   Code   RO         3836    .ARM.Collect$$libinit$$0000001F  c_w.l(libinit2.o)
    0x080001c6   0x00000000   Code   RO         3838    .ARM.Collect$$libinit$$00000021  c_w.l(libinit2.o)
    0x080001c6   0x00000000   Code   RO         3840    .ARM.Collect$$libinit$$00000023  c_w.l(libinit2.o)
    0x080001c6   0x00000000   Code   RO         3842    .ARM.Collect$$libinit$$00000025  c_w.l(libinit2.o)
    0x080001c6   0x00000000   Code   RO         3846    .ARM.Collect$$libinit$$0000002C  c_w.l(libinit2.o)
    0x080001c6   0x00000000   Code   RO         3848    .ARM.Collect$$libinit$$0000002E  c_w.l(libinit2.o)
    0x080001c6   0x00000000   Code   RO         3850    .ARM.Collect$$libinit$$00000030  c_w.l(libinit2.o)
    0x080001c6   0x00000000   Code   RO         3852    .ARM.Collect$$libinit$$00000032  c_w.l(libinit2.o)
    0x080001c6   0x00000002   Code   RO         3853    .ARM.Collect$$libinit$$00000033  c_w.l(libinit2.o)
    0x080001c8   0x00000002   Code   RO         3887    .ARM.Collect$$libshutdown$$00000000  c_w.l(libshutdown.o)
    0x080001ca   0x00000000   Code   RO         3897    .ARM.Collect$$libshutdown$$00000003  c_w.l(libshutdown2.o)
    0x080001ca   0x00000000   Code   RO         3900    .ARM.Collect$$libshutdown$$00000006  c_w.l(libshutdown2.o)
    0x080001ca   0x00000000   Code   RO         3903    .ARM.Collect$$libshutdown$$00000009  c_w.l(libshutdown2.o)
    0x080001ca   0x00000000   Code   RO         3905    .ARM.Collect$$libshutdown$$0000000B  c_w.l(libshutdown2.o)
    0x080001ca   0x00000000   Code   RO         3908    .ARM.Collect$$libshutdown$$0000000E  c_w.l(libshutdown2.o)
    0x080001ca   0x00000002   Code   RO         3909    .ARM.Collect$$libshutdown$$0000000F  c_w.l(libshutdown2.o)
    0x080001cc   0x00000000   Code   RO         3674    .ARM.Collect$$rtentry$$00000000  c_w.l(__rtentry.o)
    0x080001cc   0x00000000   Code   RO         3724    .ARM.Collect$$rtentry$$00000002  c_w.l(__rtentry2.o)
    0x080001cc   0x00000006   Code   RO         3736    .ARM.Collect$$rtentry$$00000004  c_w.l(__rtentry4.o)
    0x080001d2   0x00000000   Code   RO         3726    .ARM.Collect$$rtentry$$00000009  c_w.l(__rtentry2.o)
    0x080001d2   0x00000004   Code   RO         3727    .ARM.Collect$$rtentry$$0000000A  c_w.l(__rtentry2.o)
    0x080001d6   0x00000000   Code   RO         3729    .ARM.Collect$$rtentry$$0000000C  c_w.l(__rtentry2.o)
    0x080001d6   0x00000008   Code   RO         3730    .ARM.Collect$$rtentry$$0000000D  c_w.l(__rtentry2.o)
    0x080001de   0x00000002   Code   RO         3856    .ARM.Collect$$rtexit$$00000000  c_w.l(rtexit.o)
    0x080001e0   0x00000000   Code   RO         3865    .ARM.Collect$$rtexit$$00000002  c_w.l(rtexit2.o)
    0x080001e0   0x00000004   Code   RO         3866    .ARM.Collect$$rtexit$$00000003  c_w.l(rtexit2.o)
    0x080001e4   0x00000006   Code   RO         3867    .ARM.Collect$$rtexit$$00000004  c_w.l(rtexit2.o)
    0x080001ea   0x00000002   PAD
    0x080001ec   0x00000040   Code   RO          255    .text               startup_stm32f10x_hd.o
    0x0800022c   0x00000002   Code   RO         3579    .text               c_w.l(use_no_semi_2.o)
    0x0800022e   0x00000002   PAD
    0x08000230   0x00000018   Code   RO         3583    .text               c_w.l(noretval__2printf.o)
    0x08000248   0x00000078   Code   RO         3587    .text               c_w.l(_printf_dec.o)
    0x080002c0   0x000000b8   Code   RO         3592    .text               c_w.l(__printf_ss.o)
    0x08000378   0x00000006   Code   RO         3612    .text               c_w.l(heapauxi.o)
    0x0800037e   0x00000002   Code   RO         3672    .text               c_w.l(use_no_semi.o)
    0x08000380   0x00000016   Code   RO         3675    .text               c_w.l(_rserrno.o)
    0x08000396   0x000000b2   Code   RO         3677    .text               c_w.l(_printf_intcommon.o)
    0x08000448   0x0000041a   Code   RO         3679    .text               c_w.l(_printf_fp_dec.o)
    0x08000862   0x00000002   PAD
    0x08000864   0x00000024   Code   RO         3681    .text               c_w.l(_printf_char_file.o)
    0x08000888   0x00000008   Code   RO         3741    .text               c_w.l(rt_locale_intlibspace.o)
    0x08000890   0x00000008   Code   RO         3746    .text               c_w.l(rt_errno_addr_intlibspace.o)
    0x08000898   0x0000008a   Code   RO         3748    .text               c_w.l(lludiv10.o)
    0x08000922   0x00000002   PAD
    0x08000924   0x00000030   Code   RO         3750    .text               c_w.l(_printf_char_common.o)
    0x08000954   0x00000080   Code   RO         3752    .text               c_w.l(_printf_fp_infnan.o)
    0x080009d4   0x000000dc   Code   RO         3754    .text               c_w.l(bigflt0.o)
    0x08000ab0   0x00000008   Code   RO         3779    .text               c_w.l(ferror.o)
    0x08000ab8   0x00000008   Code   RO         3792    .text               c_w.l(libspace.o)
    0x08000ac0   0x0000004a   Code   RO         3795    .text               c_w.l(sys_stackheap_outer.o)
    0x08000b0a   0x0000000c   Code   RO         3799    .text               c_w.l(exit.o)
    0x08000b16   0x00000002   PAD
    0x08000b18   0x00000080   Code   RO         3801    .text               c_w.l(strcmpv7m.o)
    0x08000b98   0x0000003e   Code   RO         3757    CL$$btod_d2e        c_w.l(btod.o)
    0x08000bd6   0x00000046   Code   RO         3759    CL$$btod_d2e_denorm_low  c_w.l(btod.o)
    0x08000c1c   0x00000060   Code   RO         3758    CL$$btod_d2e_norm_op1  c_w.l(btod.o)
    0x08000c7c   0x00000338   Code   RO         3767    CL$$btod_div_common  c_w.l(btod.o)
    0x08000fb4   0x000000c6   Code   RO         3764    CL$$btod_e2e        c_w.l(btod.o)
    0x0800107a   0x00000028   Code   RO         3761    CL$$btod_ediv       c_w.l(btod.o)
    0x080010a2   0x00000028   Code   RO         3760    CL$$btod_emul       c_w.l(btod.o)
    0x080010ca   0x00000244   Code   RO         3766    CL$$btod_mult_common  c_w.l(btod.o)
    0x0800130e   0x00000004   Code   RO          144    i.BusFault_Handler  stm32f10x_it.o
    0x08001312   0x00000002   Code   RO          145    i.DebugMon_Handler  stm32f10x_it.o
    0x08001314   0x00000012   Code   RO          304    i.Delay_SSI         coder.o
    0x08001326   0x00000002   PAD
    0x08001328   0x0000006c   Code   RO          449    i.EXTI2_IRQHandler  faststop.o
    0x08001394   0x0000000c   Code   RO         1283    i.EXTI_ClearITPendingBit  stm32f10x_exti.o
    0x080013a0   0x00000094   Code   RO         1288    i.EXTI_Init         stm32f10x_exti.o
    0x08001434   0x00000050   Code   RO          450    i.FASTSTOP_Init     faststop.o
    0x08001484   0x00000040   Code   RO         1633    i.GPIO_EXTILineConfig  stm32f10x_gpio.o
    0x080014c4   0x00000116   Code   RO         1636    i.GPIO_Init         stm32f10x_gpio.o
    0x080015da   0x00000004   Code   RO         1643    i.GPIO_ResetBits    stm32f10x_gpio.o
    0x080015de   0x00000004   Code   RO         1644    i.GPIO_SetBits      stm32f10x_gpio.o
    0x080015e2   0x00000004   Code   RO          146    i.HardFault_Handler  stm32f10x_it.o
    0x080015e6   0x00000002   PAD
    0x080015e8   0x000000b8   Code   RO          404    i.Initial_Motor1_SlaveTimer  pwm.o
    0x080016a0   0x000000b0   Code   RO          405    i.Initial_Motor2_SlaveTimer  pwm.o
    0x08001750   0x000000b8   Code   RO          406    i.Initial_Motor3_SlaveTimer  pwm.o
    0x08001808   0x000000f4   Code   RO          407    i.Initial_PWM_Motor1  pwm.o
    0x080018fc   0x000000e0   Code   RO          408    i.Initial_PWM_Motor2  pwm.o
    0x080019dc   0x00000104   Code   RO          409    i.Initial_PWM_Motor3  pwm.o
    0x08001ae0   0x00000060   Code   RO          451    i.KEY_Init          faststop.o
    0x08001b40   0x00000004   Code   RO          147    i.MemManage_Handler  stm32f10x_it.o
    0x08001b44   0x00000002   Code   RO          148    i.NMI_Handler       stm32f10x_it.o
    0x08001b46   0x00000002   PAD
    0x08001b48   0x00000070   Code   RO          485    i.NVIC_Init         misc.o
    0x08001bb8   0x00000014   Code   RO          486    i.NVIC_PriorityGroupConfig  misc.o
    0x08001bcc   0x00000002   Code   RO          149    i.PendSV_Handler    stm32f10x_it.o
    0x08001bce   0x00000002   PAD
    0x08001bd0   0x00000020   Code   RO         2052    i.RCC_APB1PeriphClockCmd  stm32f10x_rcc.o
    0x08001bf0   0x00000020   Code   RO         2053    i.RCC_APB1PeriphResetCmd  stm32f10x_rcc.o
    0x08001c10   0x00000020   Code   RO         2054    i.RCC_APB2PeriphClockCmd  stm32f10x_rcc.o
    0x08001c30   0x00000020   Code   RO         2055    i.RCC_APB2PeriphResetCmd  stm32f10x_rcc.o
    0x08001c50   0x000000d4   Code   RO         2062    i.RCC_GetClocksFreq  stm32f10x_rcc.o
    0x08001d24   0x00000002   Code   RO          150    i.SVC_Handler       stm32f10x_it.o
    0x08001d26   0x00000008   Code   RO          207    i.SetSysClock       system_stm32f10x.o
    0x08001d2e   0x00000002   PAD
    0x08001d30   0x000000e0   Code   RO          208    i.SetSysClockTo72   system_stm32f10x.o
    0x08001e10   0x00000028   Code   RO          489    i.SysTick_CLKSourceConfig  misc.o
    0x08001e38   0x00000002   Code   RO          151    i.SysTick_Handler   stm32f10x_it.o
    0x08001e3a   0x00000002   PAD
    0x08001e3c   0x00000060   Code   RO          210    i.SystemInit        system_stm32f10x.o
    0x08001e9c   0x00000030   Code   RO          340    i.TIM4_IRQHandler   step_motor.o
    0x08001ecc   0x00000030   Code   RO          341    i.TIM5_IRQHandler   step_motor.o
    0x08001efc   0x00000030   Code   RO          342    i.TIM8_UP_IRQHandler  step_motor.o
    0x08001f2c   0x00000018   Code   RO         2674    i.TIM_ARRPreloadConfig  stm32f10x_tim.o
    0x08001f44   0x00000006   Code   RO         2680    i.TIM_ClearFlag     stm32f10x_tim.o
    0x08001f4a   0x00000018   Code   RO         2686    i.TIM_Cmd           stm32f10x_tim.o
    0x08001f62   0x0000001e   Code   RO         2688    i.TIM_CtrlPWMOutputs  stm32f10x_tim.o
    0x08001f80   0x000001e8   Code   RO         2691    i.TIM_DeInit        stm32f10x_tim.o
    0x08002168   0x00000012   Code   RO         2711    i.TIM_ITConfig      stm32f10x_tim.o
    0x0800217a   0x00000002   PAD
    0x0800217c   0x00000098   Code   RO         2715    i.TIM_OC1Init       stm32f10x_tim.o
    0x08002214   0x00000012   Code   RO         2718    i.TIM_OC1PreloadConfig  stm32f10x_tim.o
    0x08002226   0x00000012   Code   RO         2739    i.TIM_SelectInputTrigger  stm32f10x_tim.o
    0x08002238   0x00000012   Code   RO         2740    i.TIM_SelectMasterSlaveMode  stm32f10x_tim.o
    0x0800224a   0x00000012   Code   RO         2743    i.TIM_SelectOutputTrigger  stm32f10x_tim.o
    0x0800225c   0x00000012   Code   RO         2744    i.TIM_SelectSlaveMode  stm32f10x_tim.o
    0x0800226e   0x00000002   PAD
    0x08002270   0x000000a4   Code   RO         2757    i.TIM_TimeBaseInit  stm32f10x_tim.o
    0x08002314   0x00000060   Code   RO         3480    i.USART1_IRQHandler  usart.o
    0x08002374   0x000001c4   Code   RO         3481    i.USART2_IRQHandler  usart.o
    0x08002538   0x0000005c   Code   RO         3482    i.USART3_IRQHandler  usart.o
    0x08002594   0x00000018   Code   RO         3222    i.USART_Cmd         stm32f10x_usart.o
    0x080025ac   0x0000001a   Code   RO         3225    i.USART_GetFlagStatus  stm32f10x_usart.o
    0x080025c6   0x00000054   Code   RO         3226    i.USART_GetITStatus  stm32f10x_usart.o
    0x0800261a   0x0000004a   Code   RO         3228    i.USART_ITConfig    stm32f10x_usart.o
    0x08002664   0x000000d8   Code   RO         3229    i.USART_Init        stm32f10x_usart.o
    0x0800273c   0x0000000a   Code   RO         3236    i.USART_ReceiveData  stm32f10x_usart.o
    0x08002746   0x00000008   Code   RO         3239    i.USART_SendData    stm32f10x_usart.o
    0x0800274e   0x00000004   Code   RO          152    i.UsageFault_Handler  stm32f10x_it.o
    0x08002752   0x00000028   Code   RO         3790    i.__ARM_fpclassify  m_ws.l(fpclassify.o)
    0x0800277a   0x00000026   Code   RO         3707    i.__ARM_fpclassifyf  m_ws.l(fpclassifyf.o)
    0x080027a0   0x00000006   Code   RO         3710    i.__mathlib_flt_infnan  m_ws.l(funder.o)
    0x080027a6   0x0000000a   Code   RO         3715    i.__mathlib_flt_underflow  m_ws.l(funder.o)
    0x080027b0   0x00000006   Code   RO         3483    i._sys_exit         usart.o
    0x080027b6   0x00000002   PAD
    0x080027b8   0x0000017c   Code   RO         3657    i.atanf             m_ws.l(atanf.o)
    0x08002934   0x0000006c   Code   RO          305    i.coder1            coder.o
    0x080029a0   0x00000088   Code   RO          306    i.coder2            coder.o
    0x08002a28   0x00000084   Code   RO          307    i.coder3            coder.o
    0x08002aac   0x00000138   Code   RO          308    i.coder_init        coder.o
    0x08002be4   0x00000044   Code   RO         3551    i.delay_init        delay.o
    0x08002c28   0x0000004c   Code   RO         3552    i.delay_ms          delay.o
    0x08002c74   0x0000001c   Code   RO         3484    i.fputc             usart.o
    0x08002c90   0x00000400   Code   RO            1    i.main              main.o
    0x08003090   0x000000e4   Code   RO          343    i.motor1running     step_motor.o
    0x08003174   0x000000c4   Code   RO          344    i.motor2running     step_motor.o
    0x08003238   0x000000c8   Code   RO          345    i.motor3running     step_motor.o
    0x08003300   0x000000a8   Code   RO          346    i.motordir_Init     step_motor.o
    0x080033a8   0x000005dc   Code   RO          347    i.motorto_aimangle  step_motor.o
    0x08003984   0x000003d0   Code   RO          348    i.movetocoordinate  step_motor.o
    0x08003d54   0x00000390   Code   RO         3485    i.readusart         usart.o
    0x080040e4   0x0000002c   Code   RO         3665    i.sqrtf             m_ws.l(sqrtf.o)
    0x08004110   0x000000a8   Code   RO         3486    i.uart1_init        usart.o
    0x080041b8   0x000000a4   Code   RO         3487    i.uart2_init        usart.o
    0x0800425c   0x000000a8   Code   RO         3488    i.uart3_init        usart.o
    0x08004304   0x000009c4   Code   RO          259    i.xy2angle          xy_angle.o
    0x08004cc8   0x0000002c   Code   RO         3784    locale$$code        c_w.l(lc_numeric_c.o)
    0x08004cf4   0x00000062   Code   RO         3616    x$fpl$d2f           fz_ws.l(d2f.o)
    0x08004d56   0x00000002   PAD
    0x08004d58   0x00000150   Code   RO         3618    x$fpl$dadd          fz_ws.l(daddsub_clz.o)
    0x08004ea8   0x00000018   Code   RO         3684    x$fpl$dcmpinf       fz_ws.l(dcmpi.o)
    0x08004ec0   0x000002b0   Code   RO         3625    x$fpl$ddiv          fz_ws.l(ddiv.o)
    0x08005170   0x00000078   Code   RO         3628    x$fpl$deqf          fz_ws.l(deqf.o)
    0x080051e8   0x0000005e   Code   RO         3630    x$fpl$dfix          fz_ws.l(dfix.o)
    0x08005246   0x00000002   PAD
    0x08005248   0x0000005a   Code   RO         3634    x$fpl$dfixu         fz_ws.l(dfixu.o)
    0x080052a2   0x0000002e   Code   RO         3639    x$fpl$dflt          fz_ws.l(dflt_clz.o)
    0x080052d0   0x00000026   Code   RO         3638    x$fpl$dfltu         fz_ws.l(dflt_clz.o)
    0x080052f6   0x00000002   PAD
    0x080052f8   0x00000078   Code   RO         3644    x$fpl$dleqf         fz_ws.l(dleqf.o)
    0x08005370   0x00000154   Code   RO         3646    x$fpl$dmul          fz_ws.l(dmul.o)
    0x080054c4   0x0000009c   Code   RO         3686    x$fpl$dnaninf       fz_ws.l(dnaninf.o)
    0x08005560   0x0000000c   Code   RO         3688    x$fpl$dretinf       fz_ws.l(dretinf.o)
    0x0800556c   0x0000006c   Code   RO         3648    x$fpl$drleqf        fz_ws.l(drleqf.o)
    0x080055d8   0x00000016   Code   RO         3619    x$fpl$drsb          fz_ws.l(daddsub_clz.o)
    0x080055ee   0x00000002   PAD
    0x080055f0   0x000001d4   Code   RO         3620    x$fpl$dsub          fz_ws.l(daddsub_clz.o)
    0x080057c4   0x00000056   Code   RO         3650    x$fpl$f2d           fz_ws.l(f2d.o)
    0x0800581a   0x00000002   PAD
    0x0800581c   0x000000c4   Code   RO         3690    x$fpl$fadd          fz_ws.l(faddsub_clz.o)
    0x080058e0   0x0000000c   Code   RO         3854    x$fpl$fcheck1       fz_ws.l(fcheck1.o)
    0x080058ec   0x00000184   Code   RO         3697    x$fpl$fdiv          fz_ws.l(fdiv.o)
    0x08005a70   0x00000102   Code   RO         3652    x$fpl$fmul          fz_ws.l(fmul.o)
    0x08005b72   0x0000008c   Code   RO         3700    x$fpl$fnaninf       fz_ws.l(fnaninf.o)
    0x08005bfe   0x0000000a   Code   RO         3702    x$fpl$fretinf       fz_ws.l(fretinf.o)
    0x08005c08   0x00000110   Code   RO         3704    x$fpl$fsqrt         fz_ws.l(fsqrt.o)
    0x08005d18   0x000000ea   Code   RO         3692    x$fpl$fsub          fz_ws.l(faddsub_clz.o)
    0x08005e02   0x00000004   Code   RO         3654    x$fpl$printf1       fz_ws.l(printf1.o)
    0x08005e06   0x00000064   Code   RO         3862    x$fpl$retnan        fz_ws.l(retnan.o)
    0x08005e6a   0x0000004c   Code   RO         3788    x$fpl$scalbnf       fz_ws.l(scalbnf.o)
    0x08005eb6   0x00000030   Code   RO         3875    x$fpl$trapveneer    fz_ws.l(trapv.o)
    0x08005ee6   0x00000000   Code   RO         3706    x$fpl$usenofp       fz_ws.l(usenofp.o)
    0x08005ee6   0x00000002   PAD
    0x08005ee8   0x00000094   Data   RO         3755    .constdata          c_w.l(bigflt0.o)
    0x08005f7c   0x00000020   Data   RO         3934    Region$$Table       anon$$obj.o
    0x08005f9c   0x0000001c   Data   RO         3783    locale$$data        c_w.l(lc_numeric_c.o)


    Execution Region RW_IRAM1 (Base: 0x20000000, Size: 0x00000b18, Max: 0x00010000, ABSOLUTE)

    Base Addr    Size         Type   Attr      Idx    E Section Name        Object

    0x20000000   0x00000010   Data   RW            2    .data               main.o
    0x20000010   0x00000014   Data   RW          211    .data               system_stm32f10x.o
    0x20000024   0x00000004   PAD
    0x20000028   0x00000018   Data   RW          260    .data               xy_angle.o
    0x20000040   0x0000002c   Data   RW          349    .data               step_motor.o
    0x2000006c   0x00000014   Data   RW         2082    .data               stm32f10x_rcc.o
    0x20000080   0x00000048   Data   RW         3490    .data               usart.o
    0x200000c8   0x00000004   Data   RW         3554    .data               delay.o
    0x200000cc   0x000003e8   Zero   RW         3489    .bss                usart.o
    0x200004b4   0x00000060   Zero   RW         3793    .bss                c_w.l(libspace.o)
    0x20000514   0x00000004   PAD
    0x20000518   0x00000200   Zero   RW          253    HEAP                startup_stm32f10x_hd.o
    0x20000718   0x00000400   Zero   RW          252    STACK               startup_stm32f10x_hd.o


==============================================================================

Image component sizes


      Code (inc. data)   RO Data    RW Data    ZI Data      Debug   Object Name

       706         44          0          0          0       3180   coder.o
         0          0          0          0          0         32   core_cm3.o
       144         22          0          4          0       1364   delay.o
       284         42          0          0          0       1798   faststop.o
      1024        230          0         16          0     252610   main.o
       172         22          0          0          0       2289   misc.o
      1272         36          0          0          0       4687   pwm.o
        64         26        304          0       1536        836   startup_stm32f10x_hd.o
      3412        488          0         44          0       8465   step_motor.o
       160         12          0          0          0       1677   stm32f10x_exti.o
       350          4          0          0          0       3930   stm32f10x_gpio.o
        26          0          0          0          0       4226   stm32f10x_it.o
       340         44          0         20          0       5988   stm32f10x_rcc.o
       996        126          0          0          0       9151   stm32f10x_tim.o
       442          6          0          0          0       6565   stm32f10x_usart.o
       328         28          0         20          0       2377   system_stm32f10x.o
      2086        224          0         72       1000       8951   usart.o
      2500        124          0         24          0     209036   xy_angle.o

    ----------------------------------------------------------------------
     14324       1478        336        204       2536     527162   Object Totals
         0          0         32          0          0          0   (incl. Generated)
        18          0          0          4          0          0   (incl. Padding)

    ----------------------------------------------------------------------

      Code (inc. data)   RO Data    RW Data    ZI Data      Debug   Library Member Name

         8          0          0          0          0         68   __main.o
       184          0          0          0          0         84   __printf_ss.o
         0          0          0          0          0          0   __rtentry.o
        12          0          0          0          0          0   __rtentry2.o
         6          0          0          0          0          0   __rtentry4.o
        52          8          0          0          0          0   __scatter.o
        26          0          0          0          0          0   __scatter_copy.o
        28          0          0          0          0          0   __scatter_zi.o
        48          6          0          0          0         96   _printf_char_common.o
        36          4          0          0          0         80   _printf_char_file.o
         6          0          0          0          0          0   _printf_d.o
       120         16          0          0          0         92   _printf_dec.o
         6          0          0          0          0          0   _printf_f.o
      1050          0          0          0          0        216   _printf_fp_dec.o
       128         16          0          0          0         84   _printf_fp_infnan.o
       178          0          0          0          0         88   _printf_intcommon.o
         0          0          0          0          0          0   _printf_percent.o
         4          0          0          0          0          0   _printf_percent_end.o
        22          0          0          0          0        100   _rserrno.o
       220          4        148          0          0         96   bigflt0.o
      1910        128          0          0          0        672   btod.o
        12          0          0          0          0         72   exit.o
         8          0          0          0          0         68   ferror.o
         6          0          0          0          0        152   heapauxi.o
        44         10         28          0          0         76   lc_numeric_c.o
         2          0          0          0          0          0   libinit.o
        18          0          0          0          0          0   libinit2.o
         2          0          0          0          0          0   libshutdown.o
         2          0          0          0          0          0   libshutdown2.o
         8          4          0          0         96         68   libspace.o
       138          0          0          0          0         80   lludiv10.o
        24          4          0          0          0         84   noretval__2printf.o
         8          4          0          0          0         68   rt_errno_addr_intlibspace.o
         8          4          0          0          0         68   rt_locale_intlibspace.o
         2          0          0          0          0          0   rtexit.o
        10          0          0          0          0          0   rtexit2.o
       128          0          0          0          0         68   strcmpv7m.o
        74          0          0          0          0         80   sys_stackheap_outer.o
         2          0          0          0          0         68   use_no_semi.o
         2          0          0          0          0         68   use_no_semi_2.o
        98          4          0          0          0         92   d2f.o
       826         16          0          0          0        348   daddsub_clz.o
        24          0          0          0          0         68   dcmpi.o
       688        140          0          0          0        208   ddiv.o
       120          4          0          0          0         92   deqf.o
        94          4          0          0          0         92   dfix.o
        90          4          0          0          0         92   dfixu.o
        84          0          0          0          0        136   dflt_clz.o
       120          4          0          0          0         92   dleqf.o
       340         12          0          0          0        104   dmul.o
       156          4          0          0          0         92   dnaninf.o
        12          0          0          0          0         68   dretinf.o
       108          0          0          0          0         80   drleqf.o
        86          4          0          0          0         84   f2d.o
       430          8          0          0          0        168   faddsub_clz.o
        12          4          0          0          0         68   fcheck1.o
       388         76          0          0          0         96   fdiv.o
       258          4          0          0          0         84   fmul.o
       140          4          0          0          0         84   fnaninf.o
        10          0          0          0          0         68   fretinf.o
       272        100          0          0          0         88   fsqrt.o
         4          0          0          0          0         68   printf1.o
       100          0          0          0          0         68   retnan.o
        76          0          0          0          0         68   scalbnf.o
        48          0          0          0          0         68   trapv.o
         0          0          0          0          0          0   usenofp.o
       380         56          0          0          0        108   atanf.o
        40          0          0          0          0         68   fpclassify.o
        38          0          0          0          0         68   fpclassifyf.o
        16          0          0          0          0        136   funder.o
        44          0          0          0          0         80   sqrtf.o

    ----------------------------------------------------------------------
      9668        656        176          0        100       5732   Library Totals
        24          0          0          0          4          0   (incl. Padding)

    ----------------------------------------------------------------------

      Code (inc. data)   RO Data    RW Data    ZI Data      Debug   Library Name

      4542        208        176          0         96       2696   c_w.l
      4584        392          0          0          0       2576   fz_ws.l
       518         56          0          0          0        460   m_ws.l

    ----------------------------------------------------------------------
      9668        656        176          0        100       5732   Library Totals

    ----------------------------------------------------------------------

==============================================================================


      Code (inc. data)   RO Data    RW Data    ZI Data      Debug   

     23992       2134        512        204       2636     525610   Grand Totals
     23992       2134        512        204       2636     525610   ELF Image Totals
     23992       2134        512        204          0          0   ROM Totals

==============================================================================

    Total RO  Size (Code + RO Data)                24504 (  23.93kB)
    Total RW  Size (RW Data + ZI Data)              2840 (   2.77kB)
    Total ROM Size (Code + RO Data + RW Data)      24708 (  24.13kB)

==============================================================================

